#
# A fatal error has been detected by the Java Runtime Environment:
#
#  SIGSEGV (0xb) at pc=0x000000010381bb48, pid=11462, tid=4867
#
# JRE version: OpenJDK Runtime Environment Microsoft-40648 (11.0.16.1+1) (build 11.0.16.1+1-LTS)
# Java VM: OpenJDK 64-Bit Server VM Microsoft-40648 (11.0.16.1+1-LTS, mixed mode, tiered, compressed oops, g1 gc, bsd-aarch64)
# Problematic frame:
# V  [libjvm.dylib+0x66fb48]  AccessInternal::PostRuntimeDispatch<G1BarrierSet::AccessBarrier<1097844ull, G1BarrierSet>, (AccessInternal::BarrierType)2, 1097844ull>::oop_access_barrier(void*)+0x8
#
# No core dump will be written. Core dumps have been disabled. To enable core dumping, try "ulimit -c unlimited" before starting Java again
#
# If you would like to submit a bug report, please visit:
#   https://github.com/microsoft/openjdk/issues
#

---------------  S U M M A R Y ------------

Command Line: -Dfile.encoding=UTF-8 -Dstdout.encoding=UTF-8 -Dstderr.encoding=UTF-8 oracle.jdbc.driver.JavaToJavaConverter$85

Host: Mac15,12 arm64 1 MHz, 8 cores, 16G, Darwin 24.5.0
Time: Wed Jul  9 18:30:52 2025 IST elapsed time: 0.061710 seconds (0d 0h 0m 0s)

---------------  T H R E A D  ---------------

Current thread (0x000000013781b800):  JavaThread "main" [_thread_in_vm, id=4867, stack(0x000000016dbb0000,0x000000016ddb3000)]

Stack: [0x000000016dbb0000,0x000000016ddb3000],  sp=0x000000016ddb2dd0,  free space=2059k
Native frames: (J=compiled Java code, A=aot compiled Java code, j=interpreted, Vv=VM code, C=native code)
V  [libjvm.dylib+0x66fb48]  AccessInternal::PostRuntimeDispatch<G1BarrierSet::AccessBarrier<1097844ull, G1BarrierSet>, (AccessInternal::BarrierType)2, 1097844ull>::oop_access_barrier(void*)+0x8
V  [libjvm.dylib+0x370800]  jni_GetStringUTFChars+0xc4
C  [libjli.dylib+0x7ec4]  PostJVMInit+0xc4
C  [libjli.dylib+0x59a4]  JavaMain+0xac4
C  [libjli.dylib+0x7b54]  ThreadJavaMain+0xc
C  [libsystem_pthread.dylib+0x6c0c]  _pthread_start+0x88


siginfo: si_signo: 11 (SIGSEGV), si_code: 2 (SEGV_ACCERR), si_addr: 0x0000000000000000

Register to memory mapping:

 x0=0x0 is NULL
 x1=0x0 is NULL
 x2=0x0 is NULL
 x3={method} {0x000000012644e058} 'getCanonicalName' '()Ljava/lang/String;' in 'java/lang/Class'
 x4=0x000000010c446800 is at code_begin+0 in an Interpreter codelet
method entry point (kind = zerolocals)  [0x000000010c446800, 0x000000010c446bc0]  960 bytes
 x5=0x000000016ddb2cc0 is pointing into the stack for thread: 0x000000013781b800
 x6=0x0000000100000001 is an unknown value
 x7=0x000000013781b800 is a thread
 x8=0x000000010381bb40: _ZN14AccessInternal19PostRuntimeDispatchIN12G1BarrierSet13AccessBarrierILy1097844ES1_EELNS_11BarrierTypeE2ELy1097844EE18oop_access_barrierEPv+0 in /Library/Java/JavaVirtualMachines/microsoft-11.jdk/Contents/Home/lib/server/libjvm.dylib at 0x00000001031ac000
 x9=0x0000000000000008 is an unknown value
x10=0x2010002030300000 is an unknown value
x11=0x0000000000000001 is an unknown value
x12=0x0 is NULL
x13={method} {0x000000012644e058} 'getCanonicalName' '()Ljava/lang/String;' in 'java/lang/Class'
x14=0x0000000138095f20 points into unknown readable memory: 0x6a4cfb1effff0012 | 12 00 ff ff 1e fb 4c 6a
x15=0x0000000103a160f0: _ZN9vmSymbols8_symbolsE+0xc8 in /Library/Java/JavaVirtualMachines/microsoft-11.jdk/Contents/Home/lib/server/libjvm.dylib at 0x00000001031ac000
x16=0x0000000188b5f9d4: pthread_jit_write_protect_np+0 in /usr/lib/system/libsystem_pthread.dylib at 0x0000000188b58000
x17=0x00006000031081b0 points into unknown readable memory: 0x0000000000000000 | 00 00 00 00 00 00 00 00
x18=0x0 is NULL
x19=0x000000013781b800 is a thread
x20=0x0000000000000001 is an unknown value
x21=0x0 is NULL
x22=0x0 is NULL
x23=0x000000013781bb50 points into unknown readable memory: 0x00000001039c0fc0 | c0 0f 9c 03 01 00 00 00
x24=0x0000000140005178 points into unknown readable memory: 0x00000006cfe2bea0 | a0 be e2 cf 06 00 00 00
x25=0x0000600002a00fe8 points into unknown readable memory: 0x00000001267005e8 | e8 05 70 26 01 00 00 00
x26=0x0000600002a08038 points into unknown readable memory: 0x0000000000000000 | 00 00 00 00 00 00 00 00
x27=0x0 is NULL
x28=0x0000600001100200 points into unknown readable memory: 0x00002a73f0e80200 | 00 02 e8 f0 73 2a 00 00


Registers:
 x0=0x0000000000000000  x1=0x0000000000000000  x2=0x0000000000000000  x3=0x000000012644e058
 x4=0x000000010c446800  x5=0x000000016ddb2cc0  x6=0x0000000100000001  x7=0x000000013781b800
 x8=0x000000010381bb40  x9=0x0000000000000008 x10=0x2010002030300000 x11=0x0000000000000001
x12=0x0000000000000000 x13=0x000000012644e058 x14=0x0000000138095f20 x15=0x0000000103a160f0
x16=0x0000000188b5f9d4 x17=0x00006000031081b0 x18=0x0000000000000000 x19=0x000000013781b800
x20=0x0000000000000001 x21=0x0000000000000000 x22=0x0000000000000000 x23=0x000000013781bb50
x24=0x0000000140005178 x25=0x0000600002a00fe8 x26=0x0000600002a08038 x27=0x0000000000000000
x28=0x0000600001100200  fp=0x000000016ddb2dd0  lr=0x000000010351c800  sp=0x000000016ddb2dd0
pc=0x000000010381bb48 cpsr=0x0000000040001000
Top of Stack: (sp=0x000000016ddb2dd0)
0x000000016ddb2dd0:   000000016ddb2e60 000000010351c800
0x000000016ddb2de0:   0000600001100200 0000000000000000
0x000000016ddb2df0:   0000000140005178 000000013781bb50
0x000000016ddb2e00:   000000016ddb2e20 000000013781b800
0x000000016ddb2e10:   0000000000000000 000000013781b800
0x000000016ddb2e20:   000000016ddb2e60 000000013781b800
0x000000016ddb2e30:   0000000140005178 000000013781bb50
0x000000016ddb2e40:   0000000140005198 0000000140005190
0x000000016ddb2e50:   0000000000000000 000000013781bb50
0x000000016ddb2e60:   000000016ddb2ef0 000000010231fec4
0x000000016ddb2e70:   0000000140005178 000000013781bb50
0x000000016ddb2e80:   000000016ddb2ea0 00000001032f3da0
0x000000016ddb2e90:   0000000000000001 000000013781b800
0x000000016ddb2ea0:   000000016ddb2ef0 000000010350bf78
0x000000016ddb2eb0:   000000016ddb2ef0 000000013781b800
0x000000016ddb2ec0:   0000000140005178 bb795da6266b00ca
0x000000016ddb2ed0:   0000000140005198 0000000140005190
0x000000016ddb2ee0:   0000000000000040 00000001400051a8
0x000000016ddb2ef0:   000000016ddb2fb0 000000010231d9a4
0x000000016ddb2f00:   0000000000000001 0000000000000001
0x000000016ddb2f10:   0000000140005188 0000000000000000
0x000000016ddb2f20:   0000000000000000 0000000000000000
0x000000016ddb2f30:   0000000000000001 000000013781bb50
0x000000016ddb2f40:   00000001039c0fb8 0000000600010002
0x000000016ddb2f50:   0000600001100200 0000000000000000
0x000000016ddb2f60:   0000000000000000 0000000000000000
0x000000016ddb2f70:   0000000000000000 0000000000000000
0x000000016ddb2f80:   0000000000000000 0000000000000000
0x000000016ddb2f90:   0000000000000000 0000000000000000
0x000000016ddb2fa0:   0000000000000000 000000016ddb3000
0x000000016ddb2fb0:   000000016ddb2fc0 000000010231fb54
0x000000016ddb2fc0:   000000016ddb2fe0 0000000188b5ec0c 

Instructions: (pc=0x000000010381bb48)
0x000000010381ba48:   fd 7b bf a9 fd 03 00 91 00 00 40 f9 fd 7b c1 a8
0x000000010381ba58:   c0 03 5f d6 00 00 00 00 00 00 00 00 00 00 00 00
0x000000010381ba68:   f4 4f be a9 fd 7b 01 a9 fd 43 00 91 f3 03 00 aa
0x000000010381ba78:   c8 0e 00 d0 08 21 2b 91 08 01 40 39 68 00 00 34
0x000000010381ba88:   0a 00 00 94 02 00 00 14 be 59 ee 97 e1 03 00 aa
0x000000010381ba98:   08 0d 00 b0 00 41 04 f9 e0 03 13 aa fd 7b 41 a9
0x000000010381baa8:   f4 4f c2 a8 20 00 1f d6 fd 7b bf a9 fd 03 00 91
0x000000010381bab8:   88 0e 00 f0 1f 20 03 d5 08 f9 46 f9 08 11 40 b9
0x000000010381bac8:   08 05 00 51 1f 0d 00 71 c2 00 00 54 c9 0c 00 90
0x000000010381bad8:   29 01 1c 91 20 d9 68 f8 fd 7b c1 a8 c0 03 5f d6
0x000000010381bae8:   a1 e3 40 50 1f 20 03 d5 e3 e4 40 30 1f 20 03 d5
0x000000010381baf8:   00 00 bc 52 02 1d 80 52 d7 09 ee 97 df ce fb 97
0x000000010381bb08:   00 00 80 d2 fd 7b c1 a8 c0 03 5f d6 00 00 00 00
0x000000010381bb18:   fd 7b bf a9 fd 03 00 91 00 00 40 f9 fd 7b c1 a8
0x000000010381bb28:   c0 03 5f d6 00 00 00 00 00 00 00 00 00 00 00 00
0x000000010381bb38:   00 00 00 00 00 00 00 00 fd 7b bf a9 fd 03 00 91
0x000000010381bb48:   00 00 40 f9 fd 7b c1 a8 c0 03 5f d6 00 00 00 00
0x000000010381bb58:   00 00 00 00 00 00 00 00 00 00 00 00 00 00 00 00
0x000000010381bb68:   fd 7b bf a9 fd 03 00 91 00 00 40 f9 fd 7b c1 a8
0x000000010381bb78:   c0 03 5f d6 00 00 00 00 00 00 00 00 00 00 00 00
0x000000010381bb88:   00 00 00 00 00 00 00 00 ff 83 00 d1 fd 7b 01 a9
0x000000010381bb98:   fd 43 00 91 81 04 00 b4 28 5c 40 f9 bf 39 03 d5
0x000000010381bba8:   28 04 00 b4 08 f9 7f 92 09 04 40 f9 20 05 40 f9
0x000000010381bbb8:   29 36 8f 52 e9 c6 b3 72 09 7d 09 1b ea aa 90 52
0x000000010381bbc8:   2a e4 af 72 2a 7d aa 9b 4a fd 69 d3 eb 80 80 52
0x000000010381bbd8:   4a a5 0b 1b 0a 58 6a f8 aa 01 00 b4 4b 01 40 b9
0x000000010381bbe8:   7f 01 09 6b 81 00 00 54 4b 05 40 f9 7f 01 08 eb
0x000000010381bbf8:   80 00 00 54 4a 0d 40 f9 2a ff ff b5 04 00 00 14
0x000000010381bc08:   49 11 40 b9 3f 05 00 71 e0 00 00 54 e8 07 00 f9
0x000000010381bc18:   28 00 80 52 e8 07 00 b9 e1 23 00 91 e2 13 00 91
0x000000010381bc28:   04 00 00 94 fd 7b 41 a9 ff 83 00 91 c0 03 5f d6
0x000000010381bc38:   f6 57 bd a9 f4 4f 01 a9 fd 7b 02 a9 fd 83 00 91 


Stack slot to memory mapping:
stack at sp + 0 slots: 0x000000016ddb2e60 is pointing into the stack for thread: 0x000000013781b800
stack at sp + 1 slots: 0x000000010351c800: jni_GetStringUTFChars+0xc4 in /Library/Java/JavaVirtualMachines/microsoft-11.jdk/Contents/Home/lib/server/libjvm.dylib at 0x00000001031ac000
stack at sp + 2 slots: 0x0000600001100200 points into unknown readable memory: 0x00002a73f0e80200 | 00 02 e8 f0 73 2a 00 00
stack at sp + 3 slots: 0x0 is NULL
stack at sp + 4 slots: 0x0000000140005178 points into unknown readable memory: 0x00000006cfe2bea0 | a0 be e2 cf 06 00 00 00
stack at sp + 5 slots: 0x000000013781bb50 points into unknown readable memory: 0x00000001039c0fc0 | c0 0f 9c 03 01 00 00 00
stack at sp + 6 slots: 0x000000016ddb2e20 is pointing into the stack for thread: 0x000000013781b800
stack at sp + 7 slots: 0x000000013781b800 is a thread


---------------  P R O C E S S  ---------------

Threads class SMR info:
_java_thread_list=0x0000600003f0b2a0, length=9, elements={
0x000000013781b800, 0x0000000136014800, 0x0000000136019800, 0x0000000136033800,
0x000000013601c800, 0x000000013601d800, 0x000000013601e800, 0x000000013601f000,
0x0000000137880000
}

Java Threads: ( => current thread )
=>0x000000013781b800 JavaThread "main" [_thread_in_vm, id=4867, stack(0x000000016dbb0000,0x000000016ddb3000)]
  0x0000000136014800 JavaThread "Reference Handler" daemon [_thread_blocked, id=17155, stack(0x000000016ea04000,0x000000016ec07000)]
  0x0000000136019800 JavaThread "Finalizer" daemon [_thread_blocked, id=20739, stack(0x000000016ec10000,0x000000016ee13000)]
  0x0000000136033800 JavaThread "Signal Dispatcher" daemon [_thread_blocked, id=21763, stack(0x000000016efc0000,0x000000016f1c3000)]
  0x000000013601c800 JavaThread "Service Thread" daemon [_thread_blocked, id=32259, stack(0x000000016f1cc000,0x000000016f3cf000)]
  0x000000013601d800 JavaThread "C2 CompilerThread0" daemon [_thread_blocked, id=31491, stack(0x000000016f3d8000,0x000000016f5db000)]
  0x000000013601e800 JavaThread "C1 CompilerThread0" daemon [_thread_blocked, id=30979, stack(0x000000016f5e4000,0x000000016f7e7000)]
  0x000000013601f000 JavaThread "Sweeper thread" daemon [_thread_blocked, id=30467, stack(0x000000016f7f0000,0x000000016f9f3000)]
  0x0000000137880000 JavaThread "Common-Cleaner" daemon [_thread_blocked, id=29443, stack(0x000000016fc08000,0x000000016fe0b000)]

Other Threads:
  0x0000000140924000 VMThread "VM Thread" [stack: 0x000000016e7f8000,0x000000016e9fb000] [id=16643]
  0x00000001360c2800 WatcherThread [stack: 0x000000016f9fc000,0x000000016fbff000] [id=30211]
  0x000000014080e800 GCTaskThread "GC Thread#0" [stack: 0x000000016ddbc000,0x000000016dfbf000] [id=15107]
  0x0000000140846800 ConcurrentGCThread "G1 Main Marker" [stack: 0x000000016dfc8000,0x000000016e1cb000] [id=11523]
  0x0000000140847800 ConcurrentGCThread "G1 Conc#0" [stack: 0x000000016e1d4000,0x000000016e3d7000] [id=14083]
  0x00000001408e8000 ConcurrentGCThread "G1 Refine#0" [stack: 0x000000016e3e0000,0x000000016e5e3000] [id=13827]
  0x000000013780d800 ConcurrentGCThread "G1 Young RemSet Sampling" [stack: 0x000000016e5ec000,0x000000016e7ef000] [id=13315]

Threads with active compile tasks:

VM state:not at safepoint (normal execution)

VM Mutex/Monitor currently owned by a thread: None

Heap address: 0x00000006c0000000, size: 4096 MB, Compressed Oops mode: Zero based, Oop shift amount: 3
Narrow klass base: 0x0000000800000000, Narrow klass shift: 0
Compressed class space size: 1073741824 Address: 0x0000000800000000

Heap:
 garbage-first heap   total 262144K, used 3072K [0x00000006c0000000, 0x00000007c0000000)
  region size 1024K, 4 young (4096K), 0 survivors (0K)
 Metaspace       used 5096K, capacity 5298K, committed 5632K, reserved 1056768K
  class space    used 431K, capacity 462K, committed 512K, reserved 1048576K
Heap Regions: E=young(eden), S=young(survivor), O=old, HS=humongous(starts), HC=humongous(continues), CS=collection set, F=free, A=archive, TAMS=top-at-mark-start (previous, next)
|   0|0x00000006c0000000, 0x00000006c0000000, 0x00000006c0100000|  0%| F|  |TAMS 0x00000006c0000000, 0x00000006c0000000| Untracked 
|   1|0x00000006c0100000, 0x00000006c0100000, 0x00000006c0200000|  0%| F|  |TAMS 0x00000006c0100000, 0x00000006c0100000| Untracked 
|   2|0x00000006c0200000, 0x00000006c0200000, 0x00000006c0300000|  0%| F|  |TAMS 0x00000006c0200000, 0x00000006c0200000| Untracked 
|   3|0x00000006c0300000, 0x00000006c0300000, 0x00000006c0400000|  0%| F|  |TAMS 0x00000006c0300000, 0x00000006c0300000| Untracked 
|   4|0x00000006c0400000, 0x00000006c0400000, 0x00000006c0500000|  0%| F|  |TAMS 0x00000006c0400000, 0x00000006c0400000| Untracked 
|   5|0x00000006c0500000, 0x00000006c0500000, 0x00000006c0600000|  0%| F|  |TAMS 0x00000006c0500000, 0x00000006c0500000| Untracked 
|   6|0x00000006c0600000, 0x00000006c0600000, 0x00000006c0700000|  0%| F|  |TAMS 0x00000006c0600000, 0x00000006c0600000| Untracked 
|   7|0x00000006c0700000, 0x00000006c0700000, 0x00000006c0800000|  0%| F|  |TAMS 0x00000006c0700000, 0x00000006c0700000| Untracked 
|   8|0x00000006c0800000, 0x00000006c0800000, 0x00000006c0900000|  0%| F|  |TAMS 0x00000006c0800000, 0x00000006c0800000| Untracked 
|   9|0x00000006c0900000, 0x00000006c0900000, 0x00000006c0a00000|  0%| F|  |TAMS 0x00000006c0900000, 0x00000006c0900000| Untracked 
|  10|0x00000006c0a00000, 0x00000006c0a00000, 0x00000006c0b00000|  0%| F|  |TAMS 0x00000006c0a00000, 0x00000006c0a00000| Untracked 
|  11|0x00000006c0b00000, 0x00000006c0b00000, 0x00000006c0c00000|  0%| F|  |TAMS 0x00000006c0b00000, 0x00000006c0b00000| Untracked 
|  12|0x00000006c0c00000, 0x00000006c0c00000, 0x00000006c0d00000|  0%| F|  |TAMS 0x00000006c0c00000, 0x00000006c0c00000| Untracked 
|  13|0x00000006c0d00000, 0x00000006c0d00000, 0x00000006c0e00000|  0%| F|  |TAMS 0x00000006c0d00000, 0x00000006c0d00000| Untracked 
|  14|0x00000006c0e00000, 0x00000006c0e00000, 0x00000006c0f00000|  0%| F|  |TAMS 0x00000006c0e00000, 0x00000006c0e00000| Untracked 
|  15|0x00000006c0f00000, 0x00000006c0f00000, 0x00000006c1000000|  0%| F|  |TAMS 0x00000006c0f00000, 0x00000006c0f00000| Untracked 
|  16|0x00000006c1000000, 0x00000006c1000000, 0x00000006c1100000|  0%| F|  |TAMS 0x00000006c1000000, 0x00000006c1000000| Untracked 
|  17|0x00000006c1100000, 0x00000006c1100000, 0x00000006c1200000|  0%| F|  |TAMS 0x00000006c1100000, 0x00000006c1100000| Untracked 
|  18|0x00000006c1200000, 0x00000006c1200000, 0x00000006c1300000|  0%| F|  |TAMS 0x00000006c1200000, 0x00000006c1200000| Untracked 
|  19|0x00000006c1300000, 0x00000006c1300000, 0x00000006c1400000|  0%| F|  |TAMS 0x00000006c1300000, 0x00000006c1300000| Untracked 
|  20|0x00000006c1400000, 0x00000006c1400000, 0x00000006c1500000|  0%| F|  |TAMS 0x00000006c1400000, 0x00000006c1400000| Untracked 
|  21|0x00000006c1500000, 0x00000006c1500000, 0x00000006c1600000|  0%| F|  |TAMS 0x00000006c1500000, 0x00000006c1500000| Untracked 
|  22|0x00000006c1600000, 0x00000006c1600000, 0x00000006c1700000|  0%| F|  |TAMS 0x00000006c1600000, 0x00000006c1600000| Untracked 
|  23|0x00000006c1700000, 0x00000006c1700000, 0x00000006c1800000|  0%| F|  |TAMS 0x00000006c1700000, 0x00000006c1700000| Untracked 
|  24|0x00000006c1800000, 0x00000006c1800000, 0x00000006c1900000|  0%| F|  |TAMS 0x00000006c1800000, 0x00000006c1800000| Untracked 
|  25|0x00000006c1900000, 0x00000006c1900000, 0x00000006c1a00000|  0%| F|  |TAMS 0x00000006c1900000, 0x00000006c1900000| Untracked 
|  26|0x00000006c1a00000, 0x00000006c1a00000, 0x00000006c1b00000|  0%| F|  |TAMS 0x00000006c1a00000, 0x00000006c1a00000| Untracked 
|  27|0x00000006c1b00000, 0x00000006c1b00000, 0x00000006c1c00000|  0%| F|  |TAMS 0x00000006c1b00000, 0x00000006c1b00000| Untracked 
|  28|0x00000006c1c00000, 0x00000006c1c00000, 0x00000006c1d00000|  0%| F|  |TAMS 0x00000006c1c00000, 0x00000006c1c00000| Untracked 
|  29|0x00000006c1d00000, 0x00000006c1d00000, 0x00000006c1e00000|  0%| F|  |TAMS 0x00000006c1d00000, 0x00000006c1d00000| Untracked 
|  30|0x00000006c1e00000, 0x00000006c1e00000, 0x00000006c1f00000|  0%| F|  |TAMS 0x00000006c1e00000, 0x00000006c1e00000| Untracked 
|  31|0x00000006c1f00000, 0x00000006c1f00000, 0x00000006c2000000|  0%| F|  |TAMS 0x00000006c1f00000, 0x00000006c1f00000| Untracked 
|  32|0x00000006c2000000, 0x00000006c2000000, 0x00000006c2100000|  0%| F|  |TAMS 0x00000006c2000000, 0x00000006c2000000| Untracked 
|  33|0x00000006c2100000, 0x00000006c2100000, 0x00000006c2200000|  0%| F|  |TAMS 0x00000006c2100000, 0x00000006c2100000| Untracked 
|  34|0x00000006c2200000, 0x00000006c2200000, 0x00000006c2300000|  0%| F|  |TAMS 0x00000006c2200000, 0x00000006c2200000| Untracked 
|  35|0x00000006c2300000, 0x00000006c2300000, 0x00000006c2400000|  0%| F|  |TAMS 0x00000006c2300000, 0x00000006c2300000| Untracked 
|  36|0x00000006c2400000, 0x00000006c2400000, 0x00000006c2500000|  0%| F|  |TAMS 0x00000006c2400000, 0x00000006c2400000| Untracked 
|  37|0x00000006c2500000, 0x00000006c2500000, 0x00000006c2600000|  0%| F|  |TAMS 0x00000006c2500000, 0x00000006c2500000| Untracked 
|  38|0x00000006c2600000, 0x00000006c2600000, 0x00000006c2700000|  0%| F|  |TAMS 0x00000006c2600000, 0x00000006c2600000| Untracked 
|  39|0x00000006c2700000, 0x00000006c2700000, 0x00000006c2800000|  0%| F|  |TAMS 0x00000006c2700000, 0x00000006c2700000| Untracked 
|  40|0x00000006c2800000, 0x00000006c2800000, 0x00000006c2900000|  0%| F|  |TAMS 0x00000006c2800000, 0x00000006c2800000| Untracked 
|  41|0x00000006c2900000, 0x00000006c2900000, 0x00000006c2a00000|  0%| F|  |TAMS 0x00000006c2900000, 0x00000006c2900000| Untracked 
|  42|0x00000006c2a00000, 0x00000006c2a00000, 0x00000006c2b00000|  0%| F|  |TAMS 0x00000006c2a00000, 0x00000006c2a00000| Untracked 
|  43|0x00000006c2b00000, 0x00000006c2b00000, 0x00000006c2c00000|  0%| F|  |TAMS 0x00000006c2b00000, 0x00000006c2b00000| Untracked 
|  44|0x00000006c2c00000, 0x00000006c2c00000, 0x00000006c2d00000|  0%| F|  |TAMS 0x00000006c2c00000, 0x00000006c2c00000| Untracked 
|  45|0x00000006c2d00000, 0x00000006c2d00000, 0x00000006c2e00000|  0%| F|  |TAMS 0x00000006c2d00000, 0x00000006c2d00000| Untracked 
|  46|0x00000006c2e00000, 0x00000006c2e00000, 0x00000006c2f00000|  0%| F|  |TAMS 0x00000006c2e00000, 0x00000006c2e00000| Untracked 
|  47|0x00000006c2f00000, 0x00000006c2f00000, 0x00000006c3000000|  0%| F|  |TAMS 0x00000006c2f00000, 0x00000006c2f00000| Untracked 
|  48|0x00000006c3000000, 0x00000006c3000000, 0x00000006c3100000|  0%| F|  |TAMS 0x00000006c3000000, 0x00000006c3000000| Untracked 
|  49|0x00000006c3100000, 0x00000006c3100000, 0x00000006c3200000|  0%| F|  |TAMS 0x00000006c3100000, 0x00000006c3100000| Untracked 
|  50|0x00000006c3200000, 0x00000006c3200000, 0x00000006c3300000|  0%| F|  |TAMS 0x00000006c3200000, 0x00000006c3200000| Untracked 
|  51|0x00000006c3300000, 0x00000006c3300000, 0x00000006c3400000|  0%| F|  |TAMS 0x00000006c3300000, 0x00000006c3300000| Untracked 
|  52|0x00000006c3400000, 0x00000006c3400000, 0x00000006c3500000|  0%| F|  |TAMS 0x00000006c3400000, 0x00000006c3400000| Untracked 
|  53|0x00000006c3500000, 0x00000006c3500000, 0x00000006c3600000|  0%| F|  |TAMS 0x00000006c3500000, 0x00000006c3500000| Untracked 
|  54|0x00000006c3600000, 0x00000006c3600000, 0x00000006c3700000|  0%| F|  |TAMS 0x00000006c3600000, 0x00000006c3600000| Untracked 
|  55|0x00000006c3700000, 0x00000006c3700000, 0x00000006c3800000|  0%| F|  |TAMS 0x00000006c3700000, 0x00000006c3700000| Untracked 
|  56|0x00000006c3800000, 0x00000006c3800000, 0x00000006c3900000|  0%| F|  |TAMS 0x00000006c3800000, 0x00000006c3800000| Untracked 
|  57|0x00000006c3900000, 0x00000006c3900000, 0x00000006c3a00000|  0%| F|  |TAMS 0x00000006c3900000, 0x00000006c3900000| Untracked 
|  58|0x00000006c3a00000, 0x00000006c3a00000, 0x00000006c3b00000|  0%| F|  |TAMS 0x00000006c3a00000, 0x00000006c3a00000| Untracked 
|  59|0x00000006c3b00000, 0x00000006c3b00000, 0x00000006c3c00000|  0%| F|  |TAMS 0x00000006c3b00000, 0x00000006c3b00000| Untracked 
|  60|0x00000006c3c00000, 0x00000006c3c00000, 0x00000006c3d00000|  0%| F|  |TAMS 0x00000006c3c00000, 0x00000006c3c00000| Untracked 
|  61|0x00000006c3d00000, 0x00000006c3d00000, 0x00000006c3e00000|  0%| F|  |TAMS 0x00000006c3d00000, 0x00000006c3d00000| Untracked 
|  62|0x00000006c3e00000, 0x00000006c3e00000, 0x00000006c3f00000|  0%| F|  |TAMS 0x00000006c3e00000, 0x00000006c3e00000| Untracked 
|  63|0x00000006c3f00000, 0x00000006c3f00000, 0x00000006c4000000|  0%| F|  |TAMS 0x00000006c3f00000, 0x00000006c3f00000| Untracked 
|  64|0x00000006c4000000, 0x00000006c4000000, 0x00000006c4100000|  0%| F|  |TAMS 0x00000006c4000000, 0x00000006c4000000| Untracked 
|  65|0x00000006c4100000, 0x00000006c4100000, 0x00000006c4200000|  0%| F|  |TAMS 0x00000006c4100000, 0x00000006c4100000| Untracked 
|  66|0x00000006c4200000, 0x00000006c4200000, 0x00000006c4300000|  0%| F|  |TAMS 0x00000006c4200000, 0x00000006c4200000| Untracked 
|  67|0x00000006c4300000, 0x00000006c4300000, 0x00000006c4400000|  0%| F|  |TAMS 0x00000006c4300000, 0x00000006c4300000| Untracked 
|  68|0x00000006c4400000, 0x00000006c4400000, 0x00000006c4500000|  0%| F|  |TAMS 0x00000006c4400000, 0x00000006c4400000| Untracked 
|  69|0x00000006c4500000, 0x00000006c4500000, 0x00000006c4600000|  0%| F|  |TAMS 0x00000006c4500000, 0x00000006c4500000| Untracked 
|  70|0x00000006c4600000, 0x00000006c4600000, 0x00000006c4700000|  0%| F|  |TAMS 0x00000006c4600000, 0x00000006c4600000| Untracked 
|  71|0x00000006c4700000, 0x00000006c4700000, 0x00000006c4800000|  0%| F|  |TAMS 0x00000006c4700000, 0x00000006c4700000| Untracked 
|  72|0x00000006c4800000, 0x00000006c4800000, 0x00000006c4900000|  0%| F|  |TAMS 0x00000006c4800000, 0x00000006c4800000| Untracked 
|  73|0x00000006c4900000, 0x00000006c4900000, 0x00000006c4a00000|  0%| F|  |TAMS 0x00000006c4900000, 0x00000006c4900000| Untracked 
|  74|0x00000006c4a00000, 0x00000006c4a00000, 0x00000006c4b00000|  0%| F|  |TAMS 0x00000006c4a00000, 0x00000006c4a00000| Untracked 
|  75|0x00000006c4b00000, 0x00000006c4b00000, 0x00000006c4c00000|  0%| F|  |TAMS 0x00000006c4b00000, 0x00000006c4b00000| Untracked 
|  76|0x00000006c4c00000, 0x00000006c4c00000, 0x00000006c4d00000|  0%| F|  |TAMS 0x00000006c4c00000, 0x00000006c4c00000| Untracked 
|  77|0x00000006c4d00000, 0x00000006c4d00000, 0x00000006c4e00000|  0%| F|  |TAMS 0x00000006c4d00000, 0x00000006c4d00000| Untracked 
|  78|0x00000006c4e00000, 0x00000006c4e00000, 0x00000006c4f00000|  0%| F|  |TAMS 0x00000006c4e00000, 0x00000006c4e00000| Untracked 
|  79|0x00000006c4f00000, 0x00000006c4f00000, 0x00000006c5000000|  0%| F|  |TAMS 0x00000006c4f00000, 0x00000006c4f00000| Untracked 
|  80|0x00000006c5000000, 0x00000006c5000000, 0x00000006c5100000|  0%| F|  |TAMS 0x00000006c5000000, 0x00000006c5000000| Untracked 
|  81|0x00000006c5100000, 0x00000006c5100000, 0x00000006c5200000|  0%| F|  |TAMS 0x00000006c5100000, 0x00000006c5100000| Untracked 
|  82|0x00000006c5200000, 0x00000006c5200000, 0x00000006c5300000|  0%| F|  |TAMS 0x00000006c5200000, 0x00000006c5200000| Untracked 
|  83|0x00000006c5300000, 0x00000006c5300000, 0x00000006c5400000|  0%| F|  |TAMS 0x00000006c5300000, 0x00000006c5300000| Untracked 
|  84|0x00000006c5400000, 0x00000006c5400000, 0x00000006c5500000|  0%| F|  |TAMS 0x00000006c5400000, 0x00000006c5400000| Untracked 
|  85|0x00000006c5500000, 0x00000006c5500000, 0x00000006c5600000|  0%| F|  |TAMS 0x00000006c5500000, 0x00000006c5500000| Untracked 
|  86|0x00000006c5600000, 0x00000006c5600000, 0x00000006c5700000|  0%| F|  |TAMS 0x00000006c5600000, 0x00000006c5600000| Untracked 
|  87|0x00000006c5700000, 0x00000006c5700000, 0x00000006c5800000|  0%| F|  |TAMS 0x00000006c5700000, 0x00000006c5700000| Untracked 
|  88|0x00000006c5800000, 0x00000006c5800000, 0x00000006c5900000|  0%| F|  |TAMS 0x00000006c5800000, 0x00000006c5800000| Untracked 
|  89|0x00000006c5900000, 0x00000006c5900000, 0x00000006c5a00000|  0%| F|  |TAMS 0x00000006c5900000, 0x00000006c5900000| Untracked 
|  90|0x00000006c5a00000, 0x00000006c5a00000, 0x00000006c5b00000|  0%| F|  |TAMS 0x00000006c5a00000, 0x00000006c5a00000| Untracked 
|  91|0x00000006c5b00000, 0x00000006c5b00000, 0x00000006c5c00000|  0%| F|  |TAMS 0x00000006c5b00000, 0x00000006c5b00000| Untracked 
|  92|0x00000006c5c00000, 0x00000006c5c00000, 0x00000006c5d00000|  0%| F|  |TAMS 0x00000006c5c00000, 0x00000006c5c00000| Untracked 
|  93|0x00000006c5d00000, 0x00000006c5d00000, 0x00000006c5e00000|  0%| F|  |TAMS 0x00000006c5d00000, 0x00000006c5d00000| Untracked 
|  94|0x00000006c5e00000, 0x00000006c5e00000, 0x00000006c5f00000|  0%| F|  |TAMS 0x00000006c5e00000, 0x00000006c5e00000| Untracked 
|  95|0x00000006c5f00000, 0x00000006c5f00000, 0x00000006c6000000|  0%| F|  |TAMS 0x00000006c5f00000, 0x00000006c5f00000| Untracked 
|  96|0x00000006c6000000, 0x00000006c6000000, 0x00000006c6100000|  0%| F|  |TAMS 0x00000006c6000000, 0x00000006c6000000| Untracked 
|  97|0x00000006c6100000, 0x00000006c6100000, 0x00000006c6200000|  0%| F|  |TAMS 0x00000006c6100000, 0x00000006c6100000| Untracked 
|  98|0x00000006c6200000, 0x00000006c6200000, 0x00000006c6300000|  0%| F|  |TAMS 0x00000006c6200000, 0x00000006c6200000| Untracked 
|  99|0x00000006c6300000, 0x00000006c6300000, 0x00000006c6400000|  0%| F|  |TAMS 0x00000006c6300000, 0x00000006c6300000| Untracked 
| 100|0x00000006c6400000, 0x00000006c6400000, 0x00000006c6500000|  0%| F|  |TAMS 0x00000006c6400000, 0x00000006c6400000| Untracked 
| 101|0x00000006c6500000, 0x00000006c6500000, 0x00000006c6600000|  0%| F|  |TAMS 0x00000006c6500000, 0x00000006c6500000| Untracked 
| 102|0x00000006c6600000, 0x00000006c6600000, 0x00000006c6700000|  0%| F|  |TAMS 0x00000006c6600000, 0x00000006c6600000| Untracked 
| 103|0x00000006c6700000, 0x00000006c6700000, 0x00000006c6800000|  0%| F|  |TAMS 0x00000006c6700000, 0x00000006c6700000| Untracked 
| 104|0x00000006c6800000, 0x00000006c6800000, 0x00000006c6900000|  0%| F|  |TAMS 0x00000006c6800000, 0x00000006c6800000| Untracked 
| 105|0x00000006c6900000, 0x00000006c6900000, 0x00000006c6a00000|  0%| F|  |TAMS 0x00000006c6900000, 0x00000006c6900000| Untracked 
| 106|0x00000006c6a00000, 0x00000006c6a00000, 0x00000006c6b00000|  0%| F|  |TAMS 0x00000006c6a00000, 0x00000006c6a00000| Untracked 
| 107|0x00000006c6b00000, 0x00000006c6b00000, 0x00000006c6c00000|  0%| F|  |TAMS 0x00000006c6b00000, 0x00000006c6b00000| Untracked 
| 108|0x00000006c6c00000, 0x00000006c6c00000, 0x00000006c6d00000|  0%| F|  |TAMS 0x00000006c6c00000, 0x00000006c6c00000| Untracked 
| 109|0x00000006c6d00000, 0x00000006c6d00000, 0x00000006c6e00000|  0%| F|  |TAMS 0x00000006c6d00000, 0x00000006c6d00000| Untracked 
| 110|0x00000006c6e00000, 0x00000006c6e00000, 0x00000006c6f00000|  0%| F|  |TAMS 0x00000006c6e00000, 0x00000006c6e00000| Untracked 
| 111|0x00000006c6f00000, 0x00000006c6f00000, 0x00000006c7000000|  0%| F|  |TAMS 0x00000006c6f00000, 0x00000006c6f00000| Untracked 
| 112|0x00000006c7000000, 0x00000006c7000000, 0x00000006c7100000|  0%| F|  |TAMS 0x00000006c7000000, 0x00000006c7000000| Untracked 
| 113|0x00000006c7100000, 0x00000006c7100000, 0x00000006c7200000|  0%| F|  |TAMS 0x00000006c7100000, 0x00000006c7100000| Untracked 
| 114|0x00000006c7200000, 0x00000006c7200000, 0x00000006c7300000|  0%| F|  |TAMS 0x00000006c7200000, 0x00000006c7200000| Untracked 
| 115|0x00000006c7300000, 0x00000006c7300000, 0x00000006c7400000|  0%| F|  |TAMS 0x00000006c7300000, 0x00000006c7300000| Untracked 
| 116|0x00000006c7400000, 0x00000006c7400000, 0x00000006c7500000|  0%| F|  |TAMS 0x00000006c7400000, 0x00000006c7400000| Untracked 
| 117|0x00000006c7500000, 0x00000006c7500000, 0x00000006c7600000|  0%| F|  |TAMS 0x00000006c7500000, 0x00000006c7500000| Untracked 
| 118|0x00000006c7600000, 0x00000006c7600000, 0x00000006c7700000|  0%| F|  |TAMS 0x00000006c7600000, 0x00000006c7600000| Untracked 
| 119|0x00000006c7700000, 0x00000006c7700000, 0x00000006c7800000|  0%| F|  |TAMS 0x00000006c7700000, 0x00000006c7700000| Untracked 
| 120|0x00000006c7800000, 0x00000006c7800000, 0x00000006c7900000|  0%| F|  |TAMS 0x00000006c7800000, 0x00000006c7800000| Untracked 
| 121|0x00000006c7900000, 0x00000006c7900000, 0x00000006c7a00000|  0%| F|  |TAMS 0x00000006c7900000, 0x00000006c7900000| Untracked 
| 122|0x00000006c7a00000, 0x00000006c7a00000, 0x00000006c7b00000|  0%| F|  |TAMS 0x00000006c7a00000, 0x00000006c7a00000| Untracked 
| 123|0x00000006c7b00000, 0x00000006c7b00000, 0x00000006c7c00000|  0%| F|  |TAMS 0x00000006c7b00000, 0x00000006c7b00000| Untracked 
| 124|0x00000006c7c00000, 0x00000006c7c00000, 0x00000006c7d00000|  0%| F|  |TAMS 0x00000006c7c00000, 0x00000006c7c00000| Untracked 
| 125|0x00000006c7d00000, 0x00000006c7d00000, 0x00000006c7e00000|  0%| F|  |TAMS 0x00000006c7d00000, 0x00000006c7d00000| Untracked 
| 126|0x00000006c7e00000, 0x00000006c7e00000, 0x00000006c7f00000|  0%| F|  |TAMS 0x00000006c7e00000, 0x00000006c7e00000| Untracked 
| 127|0x00000006c7f00000, 0x00000006c7f00000, 0x00000006c8000000|  0%| F|  |TAMS 0x00000006c7f00000, 0x00000006c7f00000| Untracked 
| 128|0x00000006c8000000, 0x00000006c8000000, 0x00000006c8100000|  0%| F|  |TAMS 0x00000006c8000000, 0x00000006c8000000| Untracked 
| 129|0x00000006c8100000, 0x00000006c8100000, 0x00000006c8200000|  0%| F|  |TAMS 0x00000006c8100000, 0x00000006c8100000| Untracked 
| 130|0x00000006c8200000, 0x00000006c8200000, 0x00000006c8300000|  0%| F|  |TAMS 0x00000006c8200000, 0x00000006c8200000| Untracked 
| 131|0x00000006c8300000, 0x00000006c8300000, 0x00000006c8400000|  0%| F|  |TAMS 0x00000006c8300000, 0x00000006c8300000| Untracked 
| 132|0x00000006c8400000, 0x00000006c8400000, 0x00000006c8500000|  0%| F|  |TAMS 0x00000006c8400000, 0x00000006c8400000| Untracked 
| 133|0x00000006c8500000, 0x00000006c8500000, 0x00000006c8600000|  0%| F|  |TAMS 0x00000006c8500000, 0x00000006c8500000| Untracked 
| 134|0x00000006c8600000, 0x00000006c8600000, 0x00000006c8700000|  0%| F|  |TAMS 0x00000006c8600000, 0x00000006c8600000| Untracked 
| 135|0x00000006c8700000, 0x00000006c8700000, 0x00000006c8800000|  0%| F|  |TAMS 0x00000006c8700000, 0x00000006c8700000| Untracked 
| 136|0x00000006c8800000, 0x00000006c8800000, 0x00000006c8900000|  0%| F|  |TAMS 0x00000006c8800000, 0x00000006c8800000| Untracked 
| 137|0x00000006c8900000, 0x00000006c8900000, 0x00000006c8a00000|  0%| F|  |TAMS 0x00000006c8900000, 0x00000006c8900000| Untracked 
| 138|0x00000006c8a00000, 0x00000006c8a00000, 0x00000006c8b00000|  0%| F|  |TAMS 0x00000006c8a00000, 0x00000006c8a00000| Untracked 
| 139|0x00000006c8b00000, 0x00000006c8b00000, 0x00000006c8c00000|  0%| F|  |TAMS 0x00000006c8b00000, 0x00000006c8b00000| Untracked 
| 140|0x00000006c8c00000, 0x00000006c8c00000, 0x00000006c8d00000|  0%| F|  |TAMS 0x00000006c8c00000, 0x00000006c8c00000| Untracked 
| 141|0x00000006c8d00000, 0x00000006c8d00000, 0x00000006c8e00000|  0%| F|  |TAMS 0x00000006c8d00000, 0x00000006c8d00000| Untracked 
| 142|0x00000006c8e00000, 0x00000006c8e00000, 0x00000006c8f00000|  0%| F|  |TAMS 0x00000006c8e00000, 0x00000006c8e00000| Untracked 
| 143|0x00000006c8f00000, 0x00000006c8f00000, 0x00000006c9000000|  0%| F|  |TAMS 0x00000006c8f00000, 0x00000006c8f00000| Untracked 
| 144|0x00000006c9000000, 0x00000006c9000000, 0x00000006c9100000|  0%| F|  |TAMS 0x00000006c9000000, 0x00000006c9000000| Untracked 
| 145|0x00000006c9100000, 0x00000006c9100000, 0x00000006c9200000|  0%| F|  |TAMS 0x00000006c9100000, 0x00000006c9100000| Untracked 
| 146|0x00000006c9200000, 0x00000006c9200000, 0x00000006c9300000|  0%| F|  |TAMS 0x00000006c9200000, 0x00000006c9200000| Untracked 
| 147|0x00000006c9300000, 0x00000006c9300000, 0x00000006c9400000|  0%| F|  |TAMS 0x00000006c9300000, 0x00000006c9300000| Untracked 
| 148|0x00000006c9400000, 0x00000006c9400000, 0x00000006c9500000|  0%| F|  |TAMS 0x00000006c9400000, 0x00000006c9400000| Untracked 
| 149|0x00000006c9500000, 0x00000006c9500000, 0x00000006c9600000|  0%| F|  |TAMS 0x00000006c9500000, 0x00000006c9500000| Untracked 
| 150|0x00000006c9600000, 0x00000006c9600000, 0x00000006c9700000|  0%| F|  |TAMS 0x00000006c9600000, 0x00000006c9600000| Untracked 
| 151|0x00000006c9700000, 0x00000006c9700000, 0x00000006c9800000|  0%| F|  |TAMS 0x00000006c9700000, 0x00000006c9700000| Untracked 
| 152|0x00000006c9800000, 0x00000006c9800000, 0x00000006c9900000|  0%| F|  |TAMS 0x00000006c9800000, 0x00000006c9800000| Untracked 
| 153|0x00000006c9900000, 0x00000006c9900000, 0x00000006c9a00000|  0%| F|  |TAMS 0x00000006c9900000, 0x00000006c9900000| Untracked 
| 154|0x00000006c9a00000, 0x00000006c9a00000, 0x00000006c9b00000|  0%| F|  |TAMS 0x00000006c9a00000, 0x00000006c9a00000| Untracked 
| 155|0x00000006c9b00000, 0x00000006c9b00000, 0x00000006c9c00000|  0%| F|  |TAMS 0x00000006c9b00000, 0x00000006c9b00000| Untracked 
| 156|0x00000006c9c00000, 0x00000006c9c00000, 0x00000006c9d00000|  0%| F|  |TAMS 0x00000006c9c00000, 0x00000006c9c00000| Untracked 
| 157|0x00000006c9d00000, 0x00000006c9d00000, 0x00000006c9e00000|  0%| F|  |TAMS 0x00000006c9d00000, 0x00000006c9d00000| Untracked 
| 158|0x00000006c9e00000, 0x00000006c9e00000, 0x00000006c9f00000|  0%| F|  |TAMS 0x00000006c9e00000, 0x00000006c9e00000| Untracked 
| 159|0x00000006c9f00000, 0x00000006c9f00000, 0x00000006ca000000|  0%| F|  |TAMS 0x00000006c9f00000, 0x00000006c9f00000| Untracked 
| 160|0x00000006ca000000, 0x00000006ca000000, 0x00000006ca100000|  0%| F|  |TAMS 0x00000006ca000000, 0x00000006ca000000| Untracked 
| 161|0x00000006ca100000, 0x00000006ca100000, 0x00000006ca200000|  0%| F|  |TAMS 0x00000006ca100000, 0x00000006ca100000| Untracked 
| 162|0x00000006ca200000, 0x00000006ca200000, 0x00000006ca300000|  0%| F|  |TAMS 0x00000006ca200000, 0x00000006ca200000| Untracked 
| 163|0x00000006ca300000, 0x00000006ca300000, 0x00000006ca400000|  0%| F|  |TAMS 0x00000006ca300000, 0x00000006ca300000| Untracked 
| 164|0x00000006ca400000, 0x00000006ca400000, 0x00000006ca500000|  0%| F|  |TAMS 0x00000006ca400000, 0x00000006ca400000| Untracked 
| 165|0x00000006ca500000, 0x00000006ca500000, 0x00000006ca600000|  0%| F|  |TAMS 0x00000006ca500000, 0x00000006ca500000| Untracked 
| 166|0x00000006ca600000, 0x00000006ca600000, 0x00000006ca700000|  0%| F|  |TAMS 0x00000006ca600000, 0x00000006ca600000| Untracked 
| 167|0x00000006ca700000, 0x00000006ca700000, 0x00000006ca800000|  0%| F|  |TAMS 0x00000006ca700000, 0x00000006ca700000| Untracked 
| 168|0x00000006ca800000, 0x00000006ca800000, 0x00000006ca900000|  0%| F|  |TAMS 0x00000006ca800000, 0x00000006ca800000| Untracked 
| 169|0x00000006ca900000, 0x00000006ca900000, 0x00000006caa00000|  0%| F|  |TAMS 0x00000006ca900000, 0x00000006ca900000| Untracked 
| 170|0x00000006caa00000, 0x00000006caa00000, 0x00000006cab00000|  0%| F|  |TAMS 0x00000006caa00000, 0x00000006caa00000| Untracked 
| 171|0x00000006cab00000, 0x00000006cab00000, 0x00000006cac00000|  0%| F|  |TAMS 0x00000006cab00000, 0x00000006cab00000| Untracked 
| 172|0x00000006cac00000, 0x00000006cac00000, 0x00000006cad00000|  0%| F|  |TAMS 0x00000006cac00000, 0x00000006cac00000| Untracked 
| 173|0x00000006cad00000, 0x00000006cad00000, 0x00000006cae00000|  0%| F|  |TAMS 0x00000006cad00000, 0x00000006cad00000| Untracked 
| 174|0x00000006cae00000, 0x00000006cae00000, 0x00000006caf00000|  0%| F|  |TAMS 0x00000006cae00000, 0x00000006cae00000| Untracked 
| 175|0x00000006caf00000, 0x00000006caf00000, 0x00000006cb000000|  0%| F|  |TAMS 0x00000006caf00000, 0x00000006caf00000| Untracked 
| 176|0x00000006cb000000, 0x00000006cb000000, 0x00000006cb100000|  0%| F|  |TAMS 0x00000006cb000000, 0x00000006cb000000| Untracked 
| 177|0x00000006cb100000, 0x00000006cb100000, 0x00000006cb200000|  0%| F|  |TAMS 0x00000006cb100000, 0x00000006cb100000| Untracked 
| 178|0x00000006cb200000, 0x00000006cb200000, 0x00000006cb300000|  0%| F|  |TAMS 0x00000006cb200000, 0x00000006cb200000| Untracked 
| 179|0x00000006cb300000, 0x00000006cb300000, 0x00000006cb400000|  0%| F|  |TAMS 0x00000006cb300000, 0x00000006cb300000| Untracked 
| 180|0x00000006cb400000, 0x00000006cb400000, 0x00000006cb500000|  0%| F|  |TAMS 0x00000006cb400000, 0x00000006cb400000| Untracked 
| 181|0x00000006cb500000, 0x00000006cb500000, 0x00000006cb600000|  0%| F|  |TAMS 0x00000006cb500000, 0x00000006cb500000| Untracked 
| 182|0x00000006cb600000, 0x00000006cb600000, 0x00000006cb700000|  0%| F|  |TAMS 0x00000006cb600000, 0x00000006cb600000| Untracked 
| 183|0x00000006cb700000, 0x00000006cb700000, 0x00000006cb800000|  0%| F|  |TAMS 0x00000006cb700000, 0x00000006cb700000| Untracked 
| 184|0x00000006cb800000, 0x00000006cb800000, 0x00000006cb900000|  0%| F|  |TAMS 0x00000006cb800000, 0x00000006cb800000| Untracked 
| 185|0x00000006cb900000, 0x00000006cb900000, 0x00000006cba00000|  0%| F|  |TAMS 0x00000006cb900000, 0x00000006cb900000| Untracked 
| 186|0x00000006cba00000, 0x00000006cba00000, 0x00000006cbb00000|  0%| F|  |TAMS 0x00000006cba00000, 0x00000006cba00000| Untracked 
| 187|0x00000006cbb00000, 0x00000006cbb00000, 0x00000006cbc00000|  0%| F|  |TAMS 0x00000006cbb00000, 0x00000006cbb00000| Untracked 
| 188|0x00000006cbc00000, 0x00000006cbc00000, 0x00000006cbd00000|  0%| F|  |TAMS 0x00000006cbc00000, 0x00000006cbc00000| Untracked 
| 189|0x00000006cbd00000, 0x00000006cbd00000, 0x00000006cbe00000|  0%| F|  |TAMS 0x00000006cbd00000, 0x00000006cbd00000| Untracked 
| 190|0x00000006cbe00000, 0x00000006cbe00000, 0x00000006cbf00000|  0%| F|  |TAMS 0x00000006cbe00000, 0x00000006cbe00000| Untracked 
| 191|0x00000006cbf00000, 0x00000006cbf00000, 0x00000006cc000000|  0%| F|  |TAMS 0x00000006cbf00000, 0x00000006cbf00000| Untracked 
| 192|0x00000006cc000000, 0x00000006cc000000, 0x00000006cc100000|  0%| F|  |TAMS 0x00000006cc000000, 0x00000006cc000000| Untracked 
| 193|0x00000006cc100000, 0x00000006cc100000, 0x00000006cc200000|  0%| F|  |TAMS 0x00000006cc100000, 0x00000006cc100000| Untracked 
| 194|0x00000006cc200000, 0x00000006cc200000, 0x00000006cc300000|  0%| F|  |TAMS 0x00000006cc200000, 0x00000006cc200000| Untracked 
| 195|0x00000006cc300000, 0x00000006cc300000, 0x00000006cc400000|  0%| F|  |TAMS 0x00000006cc300000, 0x00000006cc300000| Untracked 
| 196|0x00000006cc400000, 0x00000006cc400000, 0x00000006cc500000|  0%| F|  |TAMS 0x00000006cc400000, 0x00000006cc400000| Untracked 
| 197|0x00000006cc500000, 0x00000006cc500000, 0x00000006cc600000|  0%| F|  |TAMS 0x00000006cc500000, 0x00000006cc500000| Untracked 
| 198|0x00000006cc600000, 0x00000006cc600000, 0x00000006cc700000|  0%| F|  |TAMS 0x00000006cc600000, 0x00000006cc600000| Untracked 
| 199|0x00000006cc700000, 0x00000006cc700000, 0x00000006cc800000|  0%| F|  |TAMS 0x00000006cc700000, 0x00000006cc700000| Untracked 
| 200|0x00000006cc800000, 0x00000006cc800000, 0x00000006cc900000|  0%| F|  |TAMS 0x00000006cc800000, 0x00000006cc800000| Untracked 
| 201|0x00000006cc900000, 0x00000006cc900000, 0x00000006cca00000|  0%| F|  |TAMS 0x00000006cc900000, 0x00000006cc900000| Untracked 
| 202|0x00000006cca00000, 0x00000006cca00000, 0x00000006ccb00000|  0%| F|  |TAMS 0x00000006cca00000, 0x00000006cca00000| Untracked 
| 203|0x00000006ccb00000, 0x00000006ccb00000, 0x00000006ccc00000|  0%| F|  |TAMS 0x00000006ccb00000, 0x00000006ccb00000| Untracked 
| 204|0x00000006ccc00000, 0x00000006ccc00000, 0x00000006ccd00000|  0%| F|  |TAMS 0x00000006ccc00000, 0x00000006ccc00000| Untracked 
| 205|0x00000006ccd00000, 0x00000006ccd00000, 0x00000006cce00000|  0%| F|  |TAMS 0x00000006ccd00000, 0x00000006ccd00000| Untracked 
| 206|0x00000006cce00000, 0x00000006cce00000, 0x00000006ccf00000|  0%| F|  |TAMS 0x00000006cce00000, 0x00000006cce00000| Untracked 
| 207|0x00000006ccf00000, 0x00000006ccf00000, 0x00000006cd000000|  0%| F|  |TAMS 0x00000006ccf00000, 0x00000006ccf00000| Untracked 
| 208|0x00000006cd000000, 0x00000006cd000000, 0x00000006cd100000|  0%| F|  |TAMS 0x00000006cd000000, 0x00000006cd000000| Untracked 
| 209|0x00000006cd100000, 0x00000006cd100000, 0x00000006cd200000|  0%| F|  |TAMS 0x00000006cd100000, 0x00000006cd100000| Untracked 
| 210|0x00000006cd200000, 0x00000006cd200000, 0x00000006cd300000|  0%| F|  |TAMS 0x00000006cd200000, 0x00000006cd200000| Untracked 
| 211|0x00000006cd300000, 0x00000006cd300000, 0x00000006cd400000|  0%| F|  |TAMS 0x00000006cd300000, 0x00000006cd300000| Untracked 
| 212|0x00000006cd400000, 0x00000006cd400000, 0x00000006cd500000|  0%| F|  |TAMS 0x00000006cd400000, 0x00000006cd400000| Untracked 
| 213|0x00000006cd500000, 0x00000006cd500000, 0x00000006cd600000|  0%| F|  |TAMS 0x00000006cd500000, 0x00000006cd500000| Untracked 
| 214|0x00000006cd600000, 0x00000006cd600000, 0x00000006cd700000|  0%| F|  |TAMS 0x00000006cd600000, 0x00000006cd600000| Untracked 
| 215|0x00000006cd700000, 0x00000006cd700000, 0x00000006cd800000|  0%| F|  |TAMS 0x00000006cd700000, 0x00000006cd700000| Untracked 
| 216|0x00000006cd800000, 0x00000006cd800000, 0x00000006cd900000|  0%| F|  |TAMS 0x00000006cd800000, 0x00000006cd800000| Untracked 
| 217|0x00000006cd900000, 0x00000006cd900000, 0x00000006cda00000|  0%| F|  |TAMS 0x00000006cd900000, 0x00000006cd900000| Untracked 
| 218|0x00000006cda00000, 0x00000006cda00000, 0x00000006cdb00000|  0%| F|  |TAMS 0x00000006cda00000, 0x00000006cda00000| Untracked 
| 219|0x00000006cdb00000, 0x00000006cdb00000, 0x00000006cdc00000|  0%| F|  |TAMS 0x00000006cdb00000, 0x00000006cdb00000| Untracked 
| 220|0x00000006cdc00000, 0x00000006cdc00000, 0x00000006cdd00000|  0%| F|  |TAMS 0x00000006cdc00000, 0x00000006cdc00000| Untracked 
| 221|0x00000006cdd00000, 0x00000006cdd00000, 0x00000006cde00000|  0%| F|  |TAMS 0x00000006cdd00000, 0x00000006cdd00000| Untracked 
| 222|0x00000006cde00000, 0x00000006cde00000, 0x00000006cdf00000|  0%| F|  |TAMS 0x00000006cde00000, 0x00000006cde00000| Untracked 
| 223|0x00000006cdf00000, 0x00000006cdf00000, 0x00000006ce000000|  0%| F|  |TAMS 0x00000006cdf00000, 0x00000006cdf00000| Untracked 
| 224|0x00000006ce000000, 0x00000006ce000000, 0x00000006ce100000|  0%| F|  |TAMS 0x00000006ce000000, 0x00000006ce000000| Untracked 
| 225|0x00000006ce100000, 0x00000006ce100000, 0x00000006ce200000|  0%| F|  |TAMS 0x00000006ce100000, 0x00000006ce100000| Untracked 
| 226|0x00000006ce200000, 0x00000006ce200000, 0x00000006ce300000|  0%| F|  |TAMS 0x00000006ce200000, 0x00000006ce200000| Untracked 
| 227|0x00000006ce300000, 0x00000006ce300000, 0x00000006ce400000|  0%| F|  |TAMS 0x00000006ce300000, 0x00000006ce300000| Untracked 
| 228|0x00000006ce400000, 0x00000006ce400000, 0x00000006ce500000|  0%| F|  |TAMS 0x00000006ce400000, 0x00000006ce400000| Untracked 
| 229|0x00000006ce500000, 0x00000006ce500000, 0x00000006ce600000|  0%| F|  |TAMS 0x00000006ce500000, 0x00000006ce500000| Untracked 
| 230|0x00000006ce600000, 0x00000006ce600000, 0x00000006ce700000|  0%| F|  |TAMS 0x00000006ce600000, 0x00000006ce600000| Untracked 
| 231|0x00000006ce700000, 0x00000006ce700000, 0x00000006ce800000|  0%| F|  |TAMS 0x00000006ce700000, 0x00000006ce700000| Untracked 
| 232|0x00000006ce800000, 0x00000006ce800000, 0x00000006ce900000|  0%| F|  |TAMS 0x00000006ce800000, 0x00000006ce800000| Untracked 
| 233|0x00000006ce900000, 0x00000006ce900000, 0x00000006cea00000|  0%| F|  |TAMS 0x00000006ce900000, 0x00000006ce900000| Untracked 
| 234|0x00000006cea00000, 0x00000006cea00000, 0x00000006ceb00000|  0%| F|  |TAMS 0x00000006cea00000, 0x00000006cea00000| Untracked 
| 235|0x00000006ceb00000, 0x00000006ceb00000, 0x00000006cec00000|  0%| F|  |TAMS 0x00000006ceb00000, 0x00000006ceb00000| Untracked 
| 236|0x00000006cec00000, 0x00000006cec00000, 0x00000006ced00000|  0%| F|  |TAMS 0x00000006cec00000, 0x00000006cec00000| Untracked 
| 237|0x00000006ced00000, 0x00000006ced00000, 0x00000006cee00000|  0%| F|  |TAMS 0x00000006ced00000, 0x00000006ced00000| Untracked 
| 238|0x00000006cee00000, 0x00000006cee00000, 0x00000006cef00000|  0%| F|  |TAMS 0x00000006cee00000, 0x00000006cee00000| Untracked 
| 239|0x00000006cef00000, 0x00000006cef00000, 0x00000006cf000000|  0%| F|  |TAMS 0x00000006cef00000, 0x00000006cef00000| Untracked 
| 240|0x00000006cf000000, 0x00000006cf000000, 0x00000006cf100000|  0%| F|  |TAMS 0x00000006cf000000, 0x00000006cf000000| Untracked 
| 241|0x00000006cf100000, 0x00000006cf100000, 0x00000006cf200000|  0%| F|  |TAMS 0x00000006cf100000, 0x00000006cf100000| Untracked 
| 242|0x00000006cf200000, 0x00000006cf200000, 0x00000006cf300000|  0%| F|  |TAMS 0x00000006cf200000, 0x00000006cf200000| Untracked 
| 243|0x00000006cf300000, 0x00000006cf300000, 0x00000006cf400000|  0%| F|  |TAMS 0x00000006cf300000, 0x00000006cf300000| Untracked 
| 244|0x00000006cf400000, 0x00000006cf400000, 0x00000006cf500000|  0%| F|  |TAMS 0x00000006cf400000, 0x00000006cf400000| Untracked 
| 245|0x00000006cf500000, 0x00000006cf500000, 0x00000006cf600000|  0%| F|  |TAMS 0x00000006cf500000, 0x00000006cf500000| Untracked 
| 246|0x00000006cf600000, 0x00000006cf600000, 0x00000006cf700000|  0%| F|  |TAMS 0x00000006cf600000, 0x00000006cf600000| Untracked 
| 247|0x00000006cf700000, 0x00000006cf700000, 0x00000006cf800000|  0%| F|  |TAMS 0x00000006cf700000, 0x00000006cf700000| Untracked 
| 248|0x00000006cf800000, 0x00000006cf800000, 0x00000006cf900000|  0%| F|  |TAMS 0x00000006cf800000, 0x00000006cf800000| Untracked 
| 249|0x00000006cf900000, 0x00000006cf900000, 0x00000006cfa00000|  0%| F|  |TAMS 0x00000006cf900000, 0x00000006cf900000| Untracked 
| 250|0x00000006cfa00000, 0x00000006cfa00000, 0x00000006cfb00000|  0%| F|  |TAMS 0x00000006cfa00000, 0x00000006cfa00000| Untracked 
| 251|0x00000006cfb00000, 0x00000006cfb00000, 0x00000006cfc00000|  0%| F|  |TAMS 0x00000006cfb00000, 0x00000006cfb00000| Untracked 
| 252|0x00000006cfc00000, 0x00000006cfd00000, 0x00000006cfd00000|100%| E|  |TAMS 0x00000006cfc00000, 0x00000006cfc00000| Complete 
| 253|0x00000006cfd00000, 0x00000006cfe00000, 0x00000006cfe00000|100%| E|CS|TAMS 0x00000006cfd00000, 0x00000006cfd00000| Complete 
| 254|0x00000006cfe00000, 0x00000006cff00000, 0x00000006cff00000|100%| E|CS|TAMS 0x00000006cfe00000, 0x00000006cfe00000| Complete 
| 255|0x00000006cff00000, 0x00000006d0000000, 0x00000006d0000000|100%| E|CS|TAMS 0x00000006cff00000, 0x00000006cff00000| Complete 

Card table byte_map: [0x000000011b43c000,0x000000011bc3c000] _byte_map_base: 0x0000000117e3c000

Marking Bits (Prev, Next): (CMBitMap*) 0x0000000140836218, (CMBitMap*) 0x0000000140836250
 Prev Bits: [0x000000011c43c000, 0x000000012043c000)
 Next Bits: [0x000000012043c000, 0x000000012443c000)

Polling page: 0x0000000102370000

Metaspace:

Usage:
  Non-class:      4.72 MB capacity,     4.56 MB ( 96%) used,   169.29 KB (  4%) free+waste,     1.31 KB ( <1%) overhead. 
      Class:    462.00 KB capacity,   431.42 KB ( 93%) used,    29.95 KB (  6%) free+waste,   640 bytes ( <1%) overhead. 
       Both:      5.17 MB capacity,     4.98 MB ( 96%) used,   199.24 KB (  4%) free+waste,     1.94 KB ( <1%) overhead. 

Virtual space:
  Non-class space:        8.00 MB reserved,       5.00 MB ( 62%) committed 
      Class space:        1.00 GB reserved,     512.00 KB ( <1%) committed 
             Both:        1.01 GB reserved,       5.50 MB ( <1%) committed 

Chunk freelists:
   Non-Class:  44.00 KB
       Class:  18.00 KB
        Both:  62.00 KB

MaxMetaspaceSize: unlimited
CompressedClassSpaceSize: 1.00 GB
Initial GC threshold: 20.80 MB
Current GC threshold: 20.80 MB
CDS: off

CodeHeap 'non-profiled nmethods': size=120032Kb used=55Kb max_used=55Kb free=119976Kb
 bounds [0x0000000113f04000, 0x0000000114174000, 0x000000011b43c000]
CodeHeap 'profiled nmethods': size=120016Kb used=284Kb max_used=284Kb free=119731Kb
 bounds [0x000000010c9d0000, 0x000000010cc40000, 0x0000000113f04000]
CodeHeap 'non-nmethods': size=5712Kb used=1026Kb max_used=1050Kb free=4685Kb
 bounds [0x000000010c43c000, 0x000000010c6ac000, 0x000000010c9d0000]
 total_blobs=488 nmethods=201 adapters=204
 compilation: enabled
              stopped_count=0, restarted_count=0
 full_count=0

Compilation events (20 events):
Event: 0.059 Thread 0x000000013601e800  192       3       java.nio.Buffer::nextGetIndex (30 bytes)
Event: 0.059 Thread 0x000000013601e800 nmethod 192 0x000000010ca12090 code [0x000000010ca12240, 0x000000010ca12480]
Event: 0.059 Thread 0x000000013601e800  193       3       java.util.zip.ZipFile$Source::getEntryPos (206 bytes)
Event: 0.059 Thread 0x000000013601e800 nmethod 193 0x000000010ca12590 code [0x000000010ca12880, 0x000000010ca13630]
Event: 0.059 Thread 0x000000013601e800  194       3       java.util.zip.ZipFile$Source::hash_append (7 bytes)
Event: 0.059 Thread 0x000000013601e800 nmethod 194 0x000000010ca13c10 code [0x000000010ca13dc0, 0x000000010ca13f10]
Event: 0.059 Thread 0x000000013601e800  195       1       java.net.URL::getFile (5 bytes)
Event: 0.059 Thread 0x000000013601e800 nmethod 195 0x0000000113f11b10 code [0x0000000113f11cc0, 0x0000000113f11e10]
Event: 0.060 Thread 0x000000013601e800  196   !   3       jdk.internal.loader.URLClassPath$JarLoader::ensureOpen (36 bytes)
Event: 0.060 Thread 0x000000013601e800 nmethod 196 0x000000010ca13f90 code [0x000000010ca141c0, 0x000000010ca146f0]
Event: 0.060 Thread 0x000000013601e800  197       3       java.lang.StringCoding::encodeUTF8 (132 bytes)
Event: 0.060 Thread 0x000000013601e800 nmethod 197 0x000000010ca14910 code [0x000000010ca14bc0, 0x000000010ca156e0]
Event: 0.060 Thread 0x000000013601e800  199       3       java.util.zip.ZipCoder$UTF8::getBytes (10 bytes)
Event: 0.060 Thread 0x000000013601e800 nmethod 199 0x000000010ca15a90 code [0x000000010ca15c80, 0x000000010ca16000]
Event: 0.060 Thread 0x000000013601e800  200       3       java.lang.System$2::getBytesUTF8NoRepl (5 bytes)
Event: 0.060 Thread 0x000000013601e800 nmethod 200 0x000000010ca16190 code [0x000000010ca16380, 0x000000010ca16680]
Event: 0.060 Thread 0x000000013601e800  201       3       java.lang.StringCoding::getBytesUTF8NoRepl (13 bytes)
Event: 0.060 Thread 0x000000013601e800 nmethod 201 0x000000010ca16790 code [0x000000010ca16980, 0x000000010ca16c00]
Event: 0.060 Thread 0x000000013601e800  198   !   3       java.util.jar.JarFile::isMultiRelease (33 bytes)
Event: 0.060 Thread 0x000000013601e800 nmethod 198 0x000000010ca16d10 code [0x000000010ca16ec0, 0x000000010ca17140]

GC Heap History (0 events):
No events

Deoptimization events (20 events):
Event: 0.050 Thread 0x000000013781b800 DEOPT PACKING pc=0x000000010c9fe320 sp=0x000000016ddafeb0
Event: 0.050 Thread 0x000000013781b800 DEOPT UNPACKING pc=0x000000010c47127c sp=0x000000016ddafc80 mode 0
Event: 0.050 Thread 0x000000013781b800 DEOPT PACKING pc=0x000000010c9fdba4 sp=0x000000016ddafee0
Event: 0.050 Thread 0x000000013781b800 DEOPT UNPACKING pc=0x000000010c47127c sp=0x000000016ddafc90 mode 0
Event: 0.050 Thread 0x000000013781b800 DEOPT PACKING pc=0x000000010c9fdba4 sp=0x000000016ddafee0
Event: 0.050 Thread 0x000000013781b800 DEOPT UNPACKING pc=0x000000010c47127c sp=0x000000016ddafc90 mode 0
Event: 0.050 Thread 0x000000013781b800 DEOPT PACKING pc=0x000000010c9fdba4 sp=0x000000016ddafee0
Event: 0.050 Thread 0x000000013781b800 DEOPT UNPACKING pc=0x000000010c47127c sp=0x000000016ddafc90 mode 0
Event: 0.050 Thread 0x000000013781b800 DEOPT PACKING pc=0x000000010c9fdba4 sp=0x000000016ddafee0
Event: 0.050 Thread 0x000000013781b800 DEOPT UNPACKING pc=0x000000010c47127c sp=0x000000016ddafc90 mode 0
Event: 0.050 Thread 0x000000013781b800 DEOPT PACKING pc=0x000000010c9fdba4 sp=0x000000016ddafee0
Event: 0.050 Thread 0x000000013781b800 DEOPT UNPACKING pc=0x000000010c47127c sp=0x000000016ddafc90 mode 0
Event: 0.050 Thread 0x000000013781b800 DEOPT PACKING pc=0x000000010c9fdba4 sp=0x000000016ddafee0
Event: 0.050 Thread 0x000000013781b800 DEOPT UNPACKING pc=0x000000010c47127c sp=0x000000016ddafc90 mode 0
Event: 0.050 Thread 0x000000013781b800 DEOPT PACKING pc=0x000000010c9fdba4 sp=0x000000016ddafee0
Event: 0.050 Thread 0x000000013781b800 DEOPT UNPACKING pc=0x000000010c47127c sp=0x000000016ddafc90 mode 0
Event: 0.050 Thread 0x000000013781b800 DEOPT PACKING pc=0x000000010c9fdba4 sp=0x000000016ddafee0
Event: 0.050 Thread 0x000000013781b800 DEOPT UNPACKING pc=0x000000010c47127c sp=0x000000016ddafc90 mode 0
Event: 0.050 Thread 0x000000013781b800 DEOPT PACKING pc=0x000000010c9fdba4 sp=0x000000016ddafee0
Event: 0.050 Thread 0x000000013781b800 DEOPT UNPACKING pc=0x000000010c47127c sp=0x000000016ddafc90 mode 0

Classes redefined (0 events):
No events

Internal exceptions (0 events):
No events

Events (20 events):
Event: 0.058 loading class java/lang/IllegalStateException
Event: 0.058 loading class java/lang/IllegalStateException done
Event: 0.058 loading class oracle/jdbc/internal/OracleConnection
Event: 0.058 loading class oracle/jdbc/internal/OracleConnection done
Event: 0.058 loading class oracle/jdbc/OracleConnection
Event: 0.058 loading class oracle/jdbc/OracleConnection done
Event: 0.059 loading class oracle/jdbc/internal/ACProxyable
Event: 0.059 loading class oracle/jdbc/internal/ACProxyable done
Event: 0.060 loading class java/lang/PublicMethods$MethodList
Event: 0.060 loading class java/lang/PublicMethods$MethodList done
Event: 0.060 loading class oracle/jdbc/driver/OracleConnection
Event: 0.060 loading class oracle/jdbc/driver/OracleConnection done
Event: 0.060 loading class oracle/jdbc/internal/ClientDataSupport
Event: 0.060 loading class oracle/jdbc/internal/ClientDataSupport done
Event: 0.060 loading class oracle/jdbc/OracleConnectionWrapper
Event: 0.060 loading class oracle/jdbc/OracleConnectionWrapper done
Event: 0.061 loading class java/lang/PublicMethods$Key
Event: 0.061 loading class java/lang/PublicMethods$Key done
Event: 0.061 loading class java/lang/Class$EnclosingMethodInfo
Event: 0.061 loading class java/lang/Class$EnclosingMethodInfo done


Dynamic libraries:
0x0000000102318000 	/Library/Java/JavaVirtualMachines/microsoft-11.jdk/Contents/Home/lib/jli/libjli.dylib
0x00000001a536e000 	/System/Library/Frameworks/Cocoa.framework/Versions/A/Cocoa
0x000000018cb35000 	/System/Library/Frameworks/AppKit.framework/Versions/C/AppKit
0x000000018fe24000 	/System/Library/Frameworks/CoreData.framework/Versions/A/CoreData
0x000000018a1bd000 	/System/Library/Frameworks/Foundation.framework/Versions/C/Foundation
0x0000000196da1000 	/usr/lib/libSystem.B.dylib
0x000000018dfc7000 	/System/Library/PrivateFrameworks/UIFoundation.framework/Versions/A/UIFoundation
0x00000002370d7000 	/System/Library/PrivateFrameworks/CollectionViewCore.framework/Versions/A/CollectionViewCore
0x000000019e394000 	/System/Library/PrivateFrameworks/RemoteViewServices.framework/Versions/A/RemoteViewServices
0x0000000194935000 	/System/Library/PrivateFrameworks/XCTTargetBootstrap.framework/Versions/A/XCTTargetBootstrap
0x000000019956b000 	/System/Library/PrivateFrameworks/InternationalSupport.framework/Versions/A/InternationalSupport
0x00000001998c2000 	/System/Library/PrivateFrameworks/UserActivity.framework/Versions/A/UserActivity
0x0000000265b47000 	/System/Library/PrivateFrameworks/UIIntelligenceSupport.framework/Versions/A/UIIntelligenceSupport
0x00000001efabd000 	/System/Library/Frameworks/SwiftUICore.framework/Versions/A/SwiftUICore
0x000000026abc0000 	/System/Library/PrivateFrameworks/WritingTools.framework/Versions/A/WritingTools
0x0000000269c08000 	/System/Library/PrivateFrameworks/WindowManagement.framework/Versions/A/WindowManagement
0x0000000189e21000 	/System/Library/Frameworks/SystemConfiguration.framework/Versions/A/SystemConfiguration
0x00000001989cf000 	/usr/lib/libspindump.dylib
0x000000018e179000 	/System/Library/Frameworks/UniformTypeIdentifiers.framework/Versions/A/UniformTypeIdentifiers
0x0000000196193000 	/usr/lib/libbsm.0.dylib
0x00000001923b8000 	/usr/lib/libapp_launch_measurement.dylib
0x0000000191761000 	/System/Library/PrivateFrameworks/CoreAnalytics.framework/Versions/A/CoreAnalytics
0x00000001923bc000 	/System/Library/PrivateFrameworks/CoreAutoLayout.framework/Versions/A/CoreAutoLayout
0x0000000193f4f000 	/System/Library/Frameworks/Metal.framework/Versions/A/Metal
0x0000000195173000 	/usr/lib/liblangid.dylib
0x000000019493b000 	/System/Library/PrivateFrameworks/CoreSVG.framework/Versions/A/CoreSVG
0x000000018eb9f000 	/System/Library/PrivateFrameworks/SkyLight.framework/Versions/A/SkyLight
0x000000018f0c5000 	/System/Library/Frameworks/CoreGraphics.framework/Versions/A/CoreGraphics
0x000000019ea73000 	/System/Library/Frameworks/Accelerate.framework/Versions/A/Accelerate
0x0000000198812000 	/System/Library/PrivateFrameworks/IconServices.framework/Versions/A/IconServices
0x0000000193f2c000 	/System/Library/Frameworks/IOSurface.framework/Versions/A/IOSurface
0x0000000191792000 	/usr/lib/libDiagnosticMessagesClient.dylib
0x0000000196ceb000 	/usr/lib/libz.1.dylib
0x00000001a2986000 	/System/Library/Frameworks/ApplicationServices.framework/Versions/A/ApplicationServices
0x0000000194920000 	/System/Library/PrivateFrameworks/DFRFoundation.framework/Versions/A/DFRFoundation
0x000000018c39a000 	/usr/lib/libicucore.A.dylib
0x000000019a949000 	/System/Library/Frameworks/AudioToolbox.framework/Versions/A/AudioToolbox
0x0000000199873000 	/System/Library/PrivateFrameworks/DataDetectorsCore.framework/Versions/A/DataDetectorsCore
0x00000001b58dd000 	/System/Library/PrivateFrameworks/TextInput.framework/Versions/A/TextInput
0x000000018eaea000 	/usr/lib/libMobileGestalt.dylib
0x0000000194619000 	/System/Library/Frameworks/Carbon.framework/Versions/A/Frameworks/HIToolbox.framework/Versions/A/HIToolbox
0x0000000191c99000 	/System/Library/Frameworks/QuartzCore.framework/Versions/A/QuartzCore
0x000000018bf8f000 	/System/Library/Frameworks/Security.framework/Versions/A/Security
0x000000019e3d0000 	/System/Library/Frameworks/Carbon.framework/Versions/A/Frameworks/SpeechRecognition.framework/Versions/A/SpeechRecognition
0x00000001920bf000 	/System/Library/PrivateFrameworks/CoreUI.framework/Versions/A/CoreUI
0x000000018b85a000 	/System/Library/Frameworks/CoreAudio.framework/Versions/A/CoreAudio
0x0000000191880000 	/System/Library/Frameworks/DiskArbitration.framework/Versions/A/DiskArbitration
0x0000000198e38000 	/System/Library/PrivateFrameworks/MultitouchSupport.framework/Versions/A/MultitouchSupport
0x000000018eae8000 	/usr/lib/libenergytrace.dylib
0x00000001a9c83000 	/System/Library/PrivateFrameworks/RenderBox.framework/Versions/A/RenderBox
0x000000018c9e5000 	/System/Library/Frameworks/IOKit.framework/Versions/A/IOKit
0x000000019e7c7000 	/System/Library/Frameworks/CoreServices.framework/Versions/A/CoreServices
0x0000000192349000 	/System/Library/PrivateFrameworks/PerformanceAnalysis.framework/Versions/A/PerformanceAnalysis
0x00000001e948d000 	/System/Library/Frameworks/OpenGL.framework/Versions/A/OpenGL
0x0000000192406000 	/usr/lib/libxml2.2.dylib
0x0000000196077000 	/System/Library/PrivateFrameworks/MobileKeyBag.framework/Versions/A/MobileKeyBag
0x0000000188764000 	/usr/lib/libobjc.A.dylib
0x0000000188a71000 	/usr/lib/libc++.1.dylib
0x000000019e748000 	/System/Library/Frameworks/Accessibility.framework/Versions/A/Accessibility
0x000000018f7f5000 	/System/Library/Frameworks/ColorSync.framework/Versions/A/ColorSync
0x0000000188bcd000 	/System/Library/Frameworks/CoreFoundation.framework/Versions/A/CoreFoundation
0x0000000194cf5000 	/System/Library/Frameworks/CoreImage.framework/Versions/A/CoreImage
0x000000018b63b000 	/System/Library/Frameworks/CoreText.framework/Versions/A/CoreText
0x00000001ea9d2000 	/System/Library/Frameworks/CoreTransferable.framework/Versions/A/CoreTransferable
0x00000001eaf56000 	/System/Library/Frameworks/DataDetection.framework/Versions/A/DataDetection
0x00000001eaf59000 	/System/Library/Frameworks/DeveloperToolsSupport.framework/Versions/A/DeveloperToolsSupport
0x0000000194976000 	/System/Library/Frameworks/ImageIO.framework/Versions/A/ImageIO
0x00000001f0680000 	/System/Library/Frameworks/Symbols.framework/Versions/A/Symbols
0x00000001dcc9c000 	/System/Library/PrivateFrameworks/FeatureFlags.framework/Versions/A/FeatureFlags
0x0000000196da6000 	/System/Library/PrivateFrameworks/SoftLinking.framework/Versions/A/SoftLinking
0x00000001c85b0000 	/usr/lib/swift/libswiftAccelerate.dylib
0x000000019a2de000 	/usr/lib/swift/libswiftCore.dylib
0x00000001b1f86000 	/usr/lib/swift/libswiftCoreFoundation.dylib
0x00000001b1fe0000 	/usr/lib/swift/libswiftCoreImage.dylib
0x00000001af39a000 	/usr/lib/swift/libswiftDarwin.dylib
0x00000002717d5000 	/usr/lib/swift/libswiftDataDetection.dylib
0x00000001a02bf000 	/usr/lib/swift/libswiftDispatch.dylib
0x00000001b1fe1000 	/usr/lib/swift/libswiftIOKit.dylib
0x00000001beb37000 	/usr/lib/swift/libswiftMetal.dylib
0x00000001cdb0d000 	/usr/lib/swift/libswiftOSLog.dylib
0x00000001a2f2c000 	/usr/lib/swift/libswiftObjectiveC.dylib
0x0000000271802000 	/usr/lib/swift/libswiftObservation.dylib
0x00000001c3f5e000 	/usr/lib/swift/libswiftQuartzCore.dylib
0x00000001c85a1000 	/usr/lib/swift/libswiftUniformTypeIdentifiers.dylib
0x00000001b1f98000 	/usr/lib/swift/libswiftXPC.dylib
0x00000002718e8000 	/usr/lib/swift/libswift_Builtin_float.dylib
0x00000002718eb000 	/usr/lib/swift/libswift_Concurrency.dylib
0x0000000271a4a000 	/usr/lib/swift/libswift_StringProcessing.dylib
0x0000000271add000 	/usr/lib/swift/libswift_errno.dylib
0x0000000271adf000 	/usr/lib/swift/libswift_math.dylib
0x0000000271ae2000 	/usr/lib/swift/libswift_signal.dylib
0x0000000271ae3000 	/usr/lib/swift/libswift_stdio.dylib
0x0000000271ae4000 	/usr/lib/swift/libswift_time.dylib
0x00000001a2f30000 	/usr/lib/swift/libswiftos.dylib
0x00000001b5834000 	/usr/lib/swift/libswiftsimd.dylib
0x0000000271ae5000 	/usr/lib/swift/libswiftsys_time.dylib
0x0000000271ae6000 	/usr/lib/swift/libswiftunistd.dylib
0x0000000196fce000 	/usr/lib/libcompression.dylib
0x00000001994cb000 	/System/Library/PrivateFrameworks/TextureIO.framework/Versions/A/TextureIO
0x00000001984b1000 	/usr/lib/libate.dylib
0x0000000196d9b000 	/usr/lib/system/libcache.dylib
0x0000000196d56000 	/usr/lib/system/libcommonCrypto.dylib
0x0000000196d81000 	/usr/lib/system/libcompiler_rt.dylib
0x0000000196d76000 	/usr/lib/system/libcopyfile.dylib
0x00000001888bf000 	/usr/lib/system/libcorecrypto.dylib
0x00000001889a5000 	/usr/lib/system/libdispatch.dylib
0x0000000188b65000 	/usr/lib/system/libdyld.dylib
0x0000000196d91000 	/usr/lib/system/libkeymgr.dylib
0x0000000196d39000 	/usr/lib/system/libmacho.dylib
0x000000019616c000 	/usr/lib/system/libquarantine.dylib
0x0000000196d8e000 	/usr/lib/system/libremovefile.dylib
0x000000018eb64000 	/usr/lib/system/libsystem_asl.dylib
0x0000000188854000 	/usr/lib/system/libsystem_blocks.dylib
0x00000001889ef000 	/usr/lib/system/libsystem_c.dylib
0x0000000196d85000 	/usr/lib/system/libsystem_collections.dylib
0x0000000195160000 	/usr/lib/system/libsystem_configuration.dylib
0x0000000193efb000 	/usr/lib/system/libsystem_containermanager.dylib
0x000000019687c000 	/usr/lib/system/libsystem_coreservices.dylib
0x000000018c666000 	/usr/lib/system/libsystem_darwin.dylib
0x0000000271c1d000 	/usr/lib/system/libsystem_darwindirectory.dylib
0x0000000196d92000 	/usr/lib/system/libsystem_dnssd.dylib
0x0000000271c21000 	/usr/lib/system/libsystem_eligibility.dylib
0x00000001889ec000 	/usr/lib/system/libsystem_featureflags.dylib
0x0000000188b9d000 	/usr/lib/system/libsystem_info.dylib
0x0000000196cfa000 	/usr/lib/system/libsystem_m.dylib
0x000000018895e000 	/usr/lib/system/libsystem_malloc.dylib
0x000000018eacd000 	/usr/lib/system/libsystem_networkextension.dylib
0x000000018cac8000 	/usr/lib/system/libsystem_notify.dylib
0x0000000195165000 	/usr/lib/system/libsystem_sandbox.dylib
0x0000000271c29000 	/usr/lib/system/libsystem_sanitizers.dylib
0x0000000196d8a000 	/usr/lib/system/libsystem_secinit.dylib
0x0000000188b1c000 	/usr/lib/system/libsystem_kernel.dylib
0x0000000188b95000 	/usr/lib/system/libsystem_platform.dylib
0x0000000188b58000 	/usr/lib/system/libsystem_pthread.dylib
0x00000001906be000 	/usr/lib/system/libsystem_symptoms.dylib
0x00000001888a3000 	/usr/lib/system/libsystem_trace.dylib
0x0000000196d64000 	/usr/lib/system/libunwind.dylib
0x0000000188858000 	/usr/lib/system/libxpc.dylib
0x0000000188afe000 	/usr/lib/libc++abi.dylib
0x00000002707f5000 	/usr/lib/libRosetta.dylib
0x000000018c964000 	/System/Library/PrivateFrameworks/CoreServicesInternal.framework/Versions/A/CoreServicesInternal
0x0000000196d6e000 	/usr/lib/liboah.dylib
0x0000000196da3000 	/usr/lib/libfakelink.dylib
0x00000001a2439000 	/System/Library/PrivateFrameworks/DiskImages.framework/Versions/A/DiskImages
0x00000001aeec3000 	/System/Library/Frameworks/NetFS.framework/Versions/A/NetFS
0x000000018e702000 	/System/Library/Frameworks/CFNetwork.framework/Versions/A/CFNetwork
0x0000000192380000 	/System/Library/Frameworks/CoreServices.framework/Versions/A/Frameworks/FSEvents.framework/Versions/A/FSEvents
0x000000018c671000 	/System/Library/Frameworks/CoreServices.framework/Versions/A/Frameworks/CarbonCore.framework/Versions/A/CarbonCore
0x00000001917f5000 	/System/Library/Frameworks/CoreServices.framework/Versions/A/Frameworks/Metadata.framework/Versions/A/Metadata
0x0000000196883000 	/System/Library/Frameworks/CoreServices.framework/Versions/A/Frameworks/OSServices.framework/Versions/A/OSServices
0x0000000196ef0000 	/System/Library/Frameworks/CoreServices.framework/Versions/A/Frameworks/SearchKit.framework/Versions/A/SearchKit
0x0000000190639000 	/System/Library/Frameworks/CoreServices.framework/Versions/A/Frameworks/AE.framework/Versions/A/AE
0x000000018910c000 	/System/Library/Frameworks/CoreServices.framework/Versions/A/Frameworks/LaunchServices.framework/Versions/A/LaunchServices
0x0000000198306000 	/System/Library/Frameworks/CoreServices.framework/Versions/A/Frameworks/DictionaryServices.framework/Versions/A/DictionaryServices
0x000000019238e000 	/System/Library/Frameworks/CoreServices.framework/Versions/A/Frameworks/SharedFileList.framework/Versions/A/SharedFileList
0x0000000196f85000 	/usr/lib/libapple_nghttp2.dylib
0x000000019029a000 	/usr/lib/libsqlite3.dylib
0x000000019afc1000 	/System/Library/Frameworks/GSS.framework/Versions/A/GSS
0x00000001905d0000 	/System/Library/PrivateFrameworks/RunningBoardServices.framework/Versions/A/RunningBoardServices
0x00000001906c7000 	/System/Library/Frameworks/Network.framework/Versions/A/Network
0x0000000196d3d000 	/usr/lib/system/libkxld.dylib
0x0000000232c91000 	/System/Library/PrivateFrameworks/AppleKeyStore.framework/Versions/A/AppleKeyStore
0x000000027064d000 	/usr/lib/libCoreEntitlements.dylib
0x000000024e0cd000 	/System/Library/PrivateFrameworks/MessageSecurity.framework/Versions/A/MessageSecurity
0x000000019027f000 	/System/Library/PrivateFrameworks/ProtocolBuffer.framework/Versions/A/ProtocolBuffer
0x0000000196863000 	/System/Library/PrivateFrameworks/AppleFSCompression.framework/Versions/A/AppleFSCompression
0x000000019617b000 	/usr/lib/libcoretls.dylib
0x000000019837c000 	/usr/lib/libcoretls_cfhelpers.dylib
0x0000000196fc8000 	/usr/lib/libpam.2.dylib
0x00000001983f0000 	/usr/lib/libxar.1.dylib
0x0000000196df8000 	/usr/lib/libarchive.2.dylib
0x000000019c6c3000 	/System/Library/Frameworks/Combine.framework/Versions/A/Combine
0x00000002370fb000 	/System/Library/PrivateFrameworks/CollectionsInternal.framework/Versions/A/CollectionsInternal
0x00000002570f4000 	/System/Library/PrivateFrameworks/ReflectionInternal.framework/Versions/A/ReflectionInternal
0x0000000257dc6000 	/System/Library/PrivateFrameworks/RuntimeInternal.framework/Versions/A/RuntimeInternal
0x0000000271879000 	/usr/lib/swift/libswiftSystem.dylib
0x000000019516e000 	/System/Library/PrivateFrameworks/AppleSystemInfo.framework/Versions/A/AppleSystemInfo
0x00000001b1e71000 	/System/Library/PrivateFrameworks/LoggingSupport.framework/Versions/A/LoggingSupport
0x000000019f780000 	/System/Library/PrivateFrameworks/PowerLog.framework/Versions/A/PowerLog
0x00000001ef982000 	/System/Library/Frameworks/SwiftData.framework/Versions/A/SwiftData
0x0000000192591000 	/System/Library/PrivateFrameworks/UserManagement.framework/Versions/A/UserManagement
0x000000018e630000 	/usr/lib/libboringssl.dylib
0x00000001906ad000 	/usr/lib/libdns_services.dylib
0x00000001b1025000 	/usr/lib/libquic.dylib
0x000000019a26d000 	/usr/lib/libusrtcp.dylib
0x00000001d5977000 	/System/Library/PrivateFrameworks/InternalSwiftProtobuf.framework/Versions/A/InternalSwiftProtobuf
0x00000002717d6000 	/usr/lib/swift/libswiftDistributed.dylib
0x000000027186f000 	/usr/lib/swift/libswiftSynchronization.dylib
0x000000018e701000 	/usr/lib/libnetwork.dylib
0x00000001c2b9d000 	/System/Library/PrivateFrameworks/OSAnalytics.framework/Versions/A/OSAnalytics
0x0000000196f60000 	/System/Library/PrivateFrameworks/AppleSauce.framework/Versions/A/AppleSauce
0x00000001a0a55000 	/System/Library/PrivateFrameworks/CoreSymbolication.framework/Versions/A/CoreSymbolication
0x00000001d1643000 	/System/Library/PrivateFrameworks/Symbolication.framework/Versions/A/Symbolication
0x00000001a0a31000 	/System/Library/PrivateFrameworks/DebugSymbols.framework/Versions/A/DebugSymbols
0x0000000270518000 	/usr/lib/libAppleArchive.dylib
0x000000019686f000 	/usr/lib/libbz2.1.0.dylib
0x000000019835d000 	/usr/lib/liblzma.5.dylib
0x0000000195e6b000 	/System/Library/PrivateFrameworks/IOMobileFramebuffer.framework/Versions/A/IOMobileFramebuffer
0x00000001b1efa000 	/System/Library/PrivateFrameworks/MallocStackLogging.framework/Versions/A/MallocStackLogging
0x000000019854b000 	/System/Library/PrivateFrameworks/CrashReporterSupport.framework/Versions/A/CrashReporterSupport
0x0000000189c18000 	/System/Library/PrivateFrameworks/Lexicon.framework/Versions/A/Lexicon
0x000000024641d000 	/System/Library/PrivateFrameworks/IO80211.framework/Versions/A/IO80211
0x00000001a0557000 	/System/Library/PrivateFrameworks/FrontBoardServices.framework/Versions/A/FrontBoardServices
0x00000001960a3000 	/System/Library/Frameworks/SecurityFoundation.framework/Versions/A/SecurityFoundation
0x0000000196205000 	/usr/lib/libgermantok.dylib
0x0000000195292000 	/System/Library/PrivateFrameworks/LinguisticData.framework/Versions/A/LinguisticData
0x00000001904eb000 	/System/Library/PrivateFrameworks/BaseBoard.framework/Versions/A/BaseBoard
0x00000001a0624000 	/System/Library/PrivateFrameworks/BoardServices.framework/Versions/A/BoardServices
0x0000000196094000 	/System/Library/PrivateFrameworks/AssertionServices.framework/Versions/A/AssertionServices
0x00000001a2274000 	/System/Library/PrivateFrameworks/BackBoardServices.framework/Versions/A/BackBoardServices
0x0000000194346000 	/System/Library/PrivateFrameworks/FontServices.framework/libFontParser.dylib
0x000000018eb7c000 	/System/Library/PrivateFrameworks/TCC.framework/Versions/A/TCC
0x00000001a5e0f000 	/System/Library/PrivateFrameworks/IOSurfaceAccelerator.framework/Versions/A/IOSurfaceAccelerator
0x0000000198e36000 	/System/Library/PrivateFrameworks/WatchdogClient.framework/Versions/A/WatchdogClient
0x000000018b162000 	/System/Library/Frameworks/CoreDisplay.framework/Versions/A/CoreDisplay
0x00000001941ea000 	/System/Library/Frameworks/CoreMedia.framework/Versions/A/CoreMedia
0x0000000193f45000 	/System/Library/PrivateFrameworks/IOAccelerator.framework/Versions/A/IOAccelerator
0x00000001924f0000 	/System/Library/Frameworks/CoreVideo.framework/Versions/A/CoreVideo
0x0000000196fc6000 	/System/Library/Frameworks/MetalPerformanceShaders.framework/Versions/A/MetalPerformanceShaders
0x0000000256445000 	/System/Library/PrivateFrameworks/ProDisplayLibrary.framework/Versions/A/ProDisplayLibrary
0x0000000198e7e000 	/System/Library/Frameworks/VideoToolbox.framework/Versions/A/VideoToolbox
0x000000019516c000 	/System/Library/PrivateFrameworks/AggregateDictionary.framework/Versions/A/AggregateDictionary
0x000000019837e000 	/System/Library/PrivateFrameworks/APFS.framework/Versions/A/APFS
0x00000001983ff000 	/usr/lib/libutil.dylib
0x0000000261304000 	/System/Library/PrivateFrameworks/SwiftASN1Internal.framework/Versions/A/SwiftASN1Internal
0x0000000191889000 	/System/Library/Frameworks/Accelerate.framework/Versions/A/Frameworks/vImage.framework/Versions/A/vImage
0x000000019e7a2000 	/System/Library/Frameworks/Accelerate.framework/Versions/A/Frameworks/vecLib.framework/Versions/A/vecLib
0x0000000198437000 	/System/Library/Frameworks/Accelerate.framework/Versions/A/Frameworks/vecLib.framework/Versions/A/libvMisc.dylib
0x0000000189584000 	/System/Library/Frameworks/Accelerate.framework/Versions/A/Frameworks/vecLib.framework/Versions/A/libBLAS.dylib
0x000000019ab98000 	/System/Library/Frameworks/ApplicationServices.framework/Versions/A/Frameworks/ATS.framework/Versions/A/ATS
0x000000018f9ab000 	/System/Library/Frameworks/ApplicationServices.framework/Versions/A/Frameworks/HIServices.framework/Versions/A/HIServices
0x0000000199454000 	/System/Library/Frameworks/ApplicationServices.framework/Versions/A/Frameworks/PrintCore.framework/Versions/A/PrintCore
0x000000019af8b000 	/System/Library/Frameworks/ApplicationServices.framework/Versions/A/Frameworks/QD.framework/Versions/A/QD
0x000000019af82000 	/System/Library/Frameworks/ApplicationServices.framework/Versions/A/Frameworks/ColorSyncLegacy.framework/Versions/A/ColorSyncLegacy
0x000000019ab6a000 	/System/Library/Frameworks/ApplicationServices.framework/Versions/A/Frameworks/SpeechSynthesis.framework/Versions/A/SpeechSynthesis
0x0000000195e38000 	/System/Library/PrivateFrameworks/CoreEmoji.framework/Versions/A/CoreEmoji
0x000000023d4f6000 	/System/Library/PrivateFrameworks/FontServices.framework/Versions/A/FontServices
0x0000000198984000 	/System/Library/PrivateFrameworks/OTSVG.framework/Versions/A/OTSVG
0x000000019206d000 	/System/Library/Frameworks/ApplicationServices.framework/Versions/A/Frameworks/ATS.framework/Versions/A/Resources/libFontRegistry.dylib
0x0000000270bd9000 	/usr/lib/libhvf.dylib
0x0000000252353000 	/System/Library/PrivateFrameworks/ParsingInternal.framework/Versions/A/ParsingInternal
0x000000027181f000 	/usr/lib/swift/libswiftRegexBuilder.dylib
0x00000002719a7000 	/usr/lib/swift/libswift_RegexParser.dylib
0x0000000198cff000 	/System/Library/PrivateFrameworks/AppleJPEG.framework/Versions/A/AppleJPEG
0x00000001987a0000 	/usr/lib/libexpat.1.dylib
0x000000019932a000 	/System/Library/Frameworks/ImageIO.framework/Versions/A/Resources/libPng.dylib
0x0000000199355000 	/System/Library/Frameworks/ImageIO.framework/Versions/A/Resources/libTIFF.dylib
0x000000019943f000 	/System/Library/Frameworks/ImageIO.framework/Versions/A/Resources/libGIF.dylib
0x0000000198d45000 	/System/Library/Frameworks/ImageIO.framework/Versions/A/Resources/libJP2.dylib
0x00000001993e6000 	/System/Library/Frameworks/ImageIO.framework/Versions/A/Resources/libJPEG.dylib
0x00000001993dd000 	/System/Library/Frameworks/ImageIO.framework/Versions/A/Resources/libRadiance.dylib
0x00000002421c4000 	/System/Library/PrivateFrameworks/GPUCompiler.framework/Versions/32023/Libraries/libllvm-flatbuffers.dylib
0x000000023d5c1000 	/System/Library/PrivateFrameworks/FramePacing.framework/Versions/A/FramePacing
0x00000001e947f000 	/System/Library/Frameworks/OpenGL.framework/Versions/A/Libraries/libCoreFSCache.dylib
0x000000023e136000 	/System/Library/PrivateFrameworks/GPUCompiler.framework/Versions/32023/Libraries/libGPUCompilerUtils.dylib
0x000000023d4f7000 	/System/Library/PrivateFrameworks/FontServices.framework/libXTFontStaticRegistryData.dylib
0x00000001a4075000 	/System/Library/PrivateFrameworks/ASEProcessing.framework/Versions/A/ASEProcessing
0x00000002555b4000 	/System/Library/PrivateFrameworks/PhotosensitivityProcessing.framework/Versions/A/PhotosensitivityProcessing
0x0000000198978000 	/System/Library/PrivateFrameworks/GraphVisualizer.framework/Versions/A/GraphVisualizer
0x00000001e94dd000 	/System/Library/Frameworks/OpenGL.framework/Versions/A/Libraries/libGLU.dylib
0x00000001e94a1000 	/System/Library/Frameworks/OpenGL.framework/Versions/A/Libraries/libGFXShared.dylib
0x00000001e9669000 	/System/Library/Frameworks/OpenGL.framework/Versions/A/Libraries/libGL.dylib
0x00000001e94aa000 	/System/Library/Frameworks/OpenGL.framework/Versions/A/Libraries/libGLImage.dylib
0x00000001e949e000 	/System/Library/Frameworks/OpenGL.framework/Versions/A/Libraries/libCVMSPluginSupport.dylib
0x00000001e9487000 	/System/Library/Frameworks/OpenGL.framework/Versions/A/Libraries/libCoreVMClient.dylib
0x00000001950b0000 	/System/Library/Frameworks/MetalPerformanceShaders.framework/Versions/A/Frameworks/MPSCore.framework/Versions/A/MPSCore
0x00000001967ce000 	/System/Library/Frameworks/MetalPerformanceShaders.framework/Versions/A/Frameworks/MPSImage.framework/Versions/A/MPSImage
0x000000019621d000 	/System/Library/Frameworks/MetalPerformanceShaders.framework/Versions/A/Frameworks/MPSNeuralNetwork.framework/Versions/A/MPSNeuralNetwork
0x0000000196654000 	/System/Library/Frameworks/MetalPerformanceShaders.framework/Versions/A/Frameworks/MPSMatrix.framework/Versions/A/MPSMatrix
0x0000000196469000 	/System/Library/Frameworks/MetalPerformanceShaders.framework/Versions/A/Frameworks/MPSRayIntersector.framework/Versions/A/MPSRayIntersector
0x0000000196686000 	/System/Library/Frameworks/MetalPerformanceShaders.framework/Versions/A/Frameworks/MPSNDArray.framework/Versions/A/MPSNDArray
0x00000001ecd74000 	/System/Library/Frameworks/MetalPerformanceShaders.framework/Versions/A/Frameworks/MPSFunctions.framework/Versions/A/MPSFunctions
0x00000001ecd56000 	/System/Library/Frameworks/MetalPerformanceShaders.framework/Versions/A/Frameworks/MPSBenchmarkLoop.framework/Versions/A/MPSBenchmarkLoop
0x00000001893ff000 	/System/Library/PrivateFrameworks/MetalTools.framework/Versions/A/MetalTools
0x00000001b6bda000 	/System/Library/PrivateFrameworks/IOAccelMemoryInfo.framework/Versions/A/IOAccelMemoryInfo
0x00000001c4353000 	/System/Library/PrivateFrameworks/kperf.framework/Versions/A/kperf
0x00000001b1f61000 	/System/Library/PrivateFrameworks/GPURawCounter.framework/Versions/A/GPURawCounter
0x0000000199411000 	/System/Library/Frameworks/ApplicationServices.framework/Versions/A/Frameworks/ATSUI.framework/Versions/A/ATSUI
0x000000019af16000 	/usr/lib/libcups.2.dylib
0x000000019afb0000 	/System/Library/Frameworks/Kerberos.framework/Versions/A/Kerberos
0x000000019ac16000 	/usr/lib/libresolv.9.dylib
0x0000000196ddd000 	/usr/lib/libiconv.2.dylib
0x00000001989d6000 	/System/Library/PrivateFrameworks/Heimdal.framework/Versions/A/Heimdal
0x00000001a2e83000 	/System/Library/Frameworks/Kerberos.framework/Versions/A/Libraries/libHeimdalProxy.dylib
0x00000001987bb000 	/usr/lib/libheimdal-asn1.dylib
0x0000000192353000 	/System/Library/Frameworks/OpenDirectory.framework/Versions/A/OpenDirectory
0x000000019b013000 	/System/Library/PrivateFrameworks/CommonAuth.framework/Versions/A/CommonAuth
0x0000000192361000 	/System/Library/Frameworks/OpenDirectory.framework/Versions/A/Frameworks/CFOpenDirectory.framework/Versions/A/CFOpenDirectory
0x0000000196d38000 	/usr/lib/libcharset.1.dylib
0x00000001e9a05000 	/System/Library/Frameworks/AVFAudio.framework/Versions/A/AVFAudio
0x00000001ab649000 	/System/Library/PrivateFrameworks/AXCoreUtilities.framework/Versions/A/AXCoreUtilities
0x0000000249d4c000 	/System/Library/PrivateFrameworks/IsolatedCoreAudioClient.framework/Versions/A/IsolatedCoreAudioClient
0x000000019ab51000 	/usr/lib/libAudioStatistics.dylib
0x00000001941c2000 	/System/Library/PrivateFrameworks/caulk.framework/Versions/A/caulk
0x000000018b283000 	/System/Library/PrivateFrameworks/AudioToolboxCore.framework/Versions/A/AudioToolboxCore
0x00000001a519b000 	/System/Library/Frameworks/CoreMIDI.framework/Versions/A/CoreMIDI
0x000000019aaf4000 	/System/Library/PrivateFrameworks/AudioSession.framework/Versions/A/AudioSession
0x000000019c42b000 	/System/Library/Frameworks/IOBluetooth.framework/Versions/A/IOBluetooth
0x00000001988a5000 	/System/Library/PrivateFrameworks/MediaExperience.framework/Versions/A/MediaExperience
0x0000000263dbf000 	/System/Library/PrivateFrameworks/Tightbeam.framework/Versions/A/Tightbeam
0x0000000237bb8000 	/System/Library/PrivateFrameworks/CoreAudioOrchestration.framework/Versions/A/CoreAudioOrchestration
0x00000001c8c73000 	/System/Library/PrivateFrameworks/AFKUser.framework/Versions/A/AFKUser
0x00000001b1f65000 	/usr/lib/swift/libswiftCoreAudio.dylib
0x00000001989c5000 	/System/Library/PrivateFrameworks/AppServerSupport.framework/Versions/A/AppServerSupport
0x000000019af94000 	/System/Library/PrivateFrameworks/perfdata.framework/Versions/A/perfdata
0x00000001b111e000 	/System/Library/PrivateFrameworks/SystemPolicy.framework/Versions/A/SystemPolicy
0x000000019ae35000 	/usr/lib/libSMC.dylib
0x00000001992f4000 	/usr/lib/libAudioToolboxUtility.dylib
0x000000019afa2000 	/usr/lib/libperfcheck.dylib
0x0000000233a4e000 	/System/Library/PrivateFrameworks/AudioAnalytics.framework/Versions/A/AudioAnalytics
0x00000001d573e000 	/System/Library/Frameworks/OSLog.framework/Versions/A/OSLog
0x00000001b1f2c000 	/usr/lib/libmis.dylib
0x000000019a902000 	/System/Library/PrivateFrameworks/AudioSession.framework/libSessionUtility.dylib
0x0000000199445000 	/System/Library/PrivateFrameworks/CMCaptureCore.framework/Versions/A/CMCaptureCore
0x00000001eb0a6000 	/System/Library/Frameworks/ExtensionFoundation.framework/Versions/A/ExtensionFoundation
0x00000001a0b62000 	/System/Library/PrivateFrameworks/CoreTime.framework/Versions/A/CoreTime
0x000000019869f000 	/System/Library/PrivateFrameworks/PlugInKit.framework/Versions/A/PlugInKit
0x000000019f689000 	/System/Library/Frameworks/CoreBluetooth.framework/Versions/A/CoreBluetooth
0x00000001a2e84000 	/System/Library/Frameworks/AudioUnit.framework/Versions/A/AudioUnit
0x0000000195efc000 	/System/Library/PrivateFrameworks/CoreUtils.framework/Versions/A/CoreUtils
0x000000023ab5c000 	/System/Library/PrivateFrameworks/CoreUtilsExtras.framework/Versions/A/CoreUtilsExtras
0x000000019eac3000 	/System/Library/Frameworks/MediaAccessibility.framework/Versions/A/MediaAccessibility
0x00000001ba576000 	/System/Library/PrivateFrameworks/AttributeGraph.framework/Versions/A/AttributeGraph
0x0000000270496000 	/usr/lib/libAXSafeCategoryBundle.dylib
0x00000001ab705000 	/usr/lib/libAccessibility.dylib
0x0000000195d46000 	/System/Library/Frameworks/Accelerate.framework/Versions/A/Frameworks/vecLib.framework/Versions/A/libvDSP.dylib
0x00000001970a4000 	/System/Library/Frameworks/Accelerate.framework/Versions/A/Frameworks/vecLib.framework/Versions/A/libLAPACK.dylib
0x0000000196208000 	/System/Library/Frameworks/Accelerate.framework/Versions/A/Frameworks/vecLib.framework/Versions/A/libLinearAlgebra.dylib
0x0000000196f9f000 	/System/Library/Frameworks/Accelerate.framework/Versions/A/Frameworks/vecLib.framework/Versions/A/libSparseBLAS.dylib
0x000000019709f000 	/System/Library/Frameworks/Accelerate.framework/Versions/A/Frameworks/vecLib.framework/Versions/A/libQuadrature.dylib
0x0000000195299000 	/System/Library/Frameworks/Accelerate.framework/Versions/A/Frameworks/vecLib.framework/Versions/A/libBNNS.dylib
0x0000000189d25000 	/System/Library/Frameworks/Accelerate.framework/Versions/A/Frameworks/vecLib.framework/Versions/A/libSparse.dylib
0x000000024b4bd000 	/System/Library/PrivateFrameworks/MIL.framework/Versions/A/MIL
0x00000001993d8000 	/System/Library/PrivateFrameworks/GPUWrangler.framework/Versions/A/GPUWrangler
0x00000001993b8000 	/System/Library/PrivateFrameworks/IOPresentment.framework/Versions/A/IOPresentment
0x00000001993e0000 	/System/Library/PrivateFrameworks/DSExternalDisplay.framework/Versions/A/DSExternalDisplay
0x00000001d5b45000 	/System/Library/PrivateFrameworks/HIDDisplay.framework/Versions/A/HIDDisplay
0x00000001aa924000 	/System/Library/PrivateFrameworks/HID.framework/Versions/A/HID
0x00000002675fb000 	/System/Library/PrivateFrameworks/VideoToolboxParavirtualizationSupport.framework/Versions/A/VideoToolboxParavirtualizationSupport
0x0000000198757000 	/System/Library/PrivateFrameworks/AppleVA.framework/Versions/A/AppleVA
0x00000001a06d1000 	/System/Library/PrivateFrameworks/GraphicsServices.framework/Versions/A/GraphicsServices
0x000000019b186000 	/System/Library/PrivateFrameworks/CorePhoneNumbers.framework/Versions/A/CorePhoneNumbers
0x000000019f871000 	/System/Library/PrivateFrameworks/MediaKit.framework/Versions/A/MediaKit
0x000000019f7bc000 	/System/Library/Frameworks/DiscRecording.framework/Versions/A/DiscRecording
0x000000019af75000 	/System/Library/PrivateFrameworks/NetAuth.framework/Versions/A/NetAuth
0x0000000192551000 	/System/Library/PrivateFrameworks/login.framework/Versions/A/Frameworks/loginsupport.framework/Versions/A/loginsupport
0x00000001987c5000 	/System/Library/PrivateFrameworks/IconFoundation.framework/Versions/A/IconFoundation
0x0000000198542000 	/usr/lib/libIOReport.dylib
0x000000023365e000 	/System/Library/PrivateFrameworks/AppleMobileFileIntegrity.framework/Versions/A/AppleMobileFileIntegrity
0x0000000270858000 	/usr/lib/libTLE.dylib
0x00000001e64db000 	/System/Library/PrivateFrameworks/ConfigProfileHelper.framework/Versions/A/ConfigProfileHelper
0x00000001961a5000 	/usr/lib/libmecab.dylib
0x0000000189eb5000 	/usr/lib/libCRFSuite.dylib
0x0000000195175000 	/System/Library/PrivateFrameworks/CoreNLP.framework/Versions/A/CoreNLP
0x0000000196f58000 	/usr/lib/libThaiTokenizer.dylib
0x000000019616f000 	/usr/lib/libCheckFix.dylib
0x0000000191794000 	/System/Library/PrivateFrameworks/MetadataUtilities.framework/Versions/A/MetadataUtilities
0x0000000246cff000 	/System/Library/PrivateFrameworks/InstalledContentLibrary.framework/Versions/A/InstalledContentLibrary
0x000000018c9a4000 	/System/Library/PrivateFrameworks/CoreServicesStore.framework/Versions/A/CoreServicesStore
0x00000001c445d000 	/System/Library/PrivateFrameworks/MobileSystemServices.framework/Versions/A/MobileSystemServices
0x0000000198403000 	/usr/lib/libxslt.1.dylib
0x0000000196132000 	/System/Library/PrivateFrameworks/BackgroundTaskManagement.framework/Versions/A/BackgroundTaskManagement
0x00000001a25f7000 	/usr/lib/libcurl.4.dylib
0x0000000270a8c000 	/usr/lib/libcrypto.46.dylib
0x00000002715b4000 	/usr/lib/libssl.48.dylib
0x00000001a22d0000 	/System/Library/Frameworks/LDAP.framework/Versions/A/LDAP
0x00000001a230c000 	/System/Library/PrivateFrameworks/TrustEvaluationAgent.framework/Versions/A/TrustEvaluationAgent
0x000000019ac33000 	/usr/lib/libsasl2.2.dylib
0x00000001af399000 	/usr/lib/swift/libswiftCoreGraphics.dylib
0x000000019f0f1000 	/usr/lib/swift/libswiftFoundation.dylib
0x00000001e5f65000 	/usr/lib/swift/libswiftSwiftOnoneSupport.dylib
0x00000001d1df7000 	/System/Library/PrivateFrameworks/CoreMaterial.framework/Versions/A/CoreMaterial
0x0000000257ebd000 	/System/Library/PrivateFrameworks/SFSymbols.framework/Versions/A/SFSymbols
0x000000019e3bd000 	/System/Library/PrivateFrameworks/SpeechRecognitionCore.framework/Versions/A/SpeechRecognitionCore
0x00000001031ac000 	/Library/Java/JavaVirtualMachines/microsoft-11.jdk/Contents/Home/lib/server/libjvm.dylib
0x000000010238c000 	/Library/Java/JavaVirtualMachines/microsoft-11.jdk/Contents/Home/lib/libverify.dylib
0x00000001023e0000 	/Library/Java/JavaVirtualMachines/microsoft-11.jdk/Contents/Home/lib/libjava.dylib
0x00000001023a8000 	/Library/Java/JavaVirtualMachines/microsoft-11.jdk/Contents/Home/lib/libjimage.dylib
0x0000000102474000 	/Library/Java/JavaVirtualMachines/microsoft-11.jdk/Contents/Home/lib/libzip.dylib
0x00000001025a0000 	/Library/Java/JavaVirtualMachines/microsoft-11.jdk/Contents/Home/lib/libnio.dylib
0x000000010300c000 	/Library/Java/JavaVirtualMachines/microsoft-11.jdk/Contents/Home/lib/libnet.dylib


VM Arguments:
jvm_args: -Dfile.encoding=UTF-8 -Dstdout.encoding=UTF-8 -Dstderr.encoding=UTF-8 
java_command: oracle.jdbc.driver.JavaToJavaConverter$85
java_class_path (initial): /Users/madar/Downloads/java code/global_tx_history/target/classes:/Users/madar/.m2/repository/org/springframework/boot/spring-boot-starter-web/2.7.1/spring-boot-starter-web-2.7.1.jar:/Users/madar/.m2/repository/org/springframework/boot/spring-boot-starter/2.7.1/spring-boot-starter-2.7.1.jar:/Users/madar/.m2/repository/org/springframework/boot/spring-boot/2.7.1/spring-boot-2.7.1.jar:/Users/madar/.m2/repository/org/springframework/boot/spring-boot-autoconfigure/2.7.1/spring-boot-autoconfigure-2.7.1.jar:/Users/madar/.m2/repository/org/springframework/boot/spring-boot-starter-logging/2.7.1/spring-boot-starter-logging-2.7.1.jar:/Users/madar/.m2/repository/org/apache/logging/log4j/log4j-to-slf4j/2.16.0/log4j-to-slf4j-2.16.0.jar:/Users/madar/.m2/repository/org/apache/logging/log4j/log4j-api/2.16.0/log4j-api-2.16.0.jar:/Users/madar/.m2/repository/org/slf4j/jul-to-slf4j/1.7.36/jul-to-slf4j-1.7.36.jar:/Users/madar/.m2/repository/jakarta/annotation/jakarta.annotation-api/1.3.5/jakarta.annotation-api-1.3.5.jar:/Users/madar/.m2/repository/org/yaml/snakeyaml/1.30/snakeyaml-1.30.jar:/Users/madar/.m2/repository/org/springframework/boot/spring-boot-starter-json/2.7.1/spring-boot-starter-json-2.7.1.jar:/Users/madar/.m2/repository/com/fasterxml/jackson/datatype/jackson-datatype-jsr310/2.13.3/jackson-datatype-jsr310-2.13.3.jar:/Users/madar/.m2/repository/com/fasterxml/jackson/module/jackson-module-parameter-names/2.13.3/jackson-module-parameter-names-2.13.3.jar:/Users/madar/.m2/repository/org/springframework/boot/spring-boot-starter-tomcat/2.7.1/spring-boot-starter-tomcat-2.7.1.jar:/Users/madar/.m2/repository/org/apache/tomcat/embed/tomcat-embed-core/9.0.64/tomcat-embed-core-9.0.64.jar:/Users/madar/.m2/repository/org/apache/tomcat/embed/tomcat-embed-el/9.0.64/tomcat-embed-el-9.0.64.jar:/Users/madar/.m2/repository/org/apache/tomcat/embed/tomcat-embed-websocket/9.0.64/tomcat-embed-websocket-9.0.64.jar:/Users/madar/.m2/repository/org/springframework/spring-web
Launcher Type: SUN_STANDARD

[Global flags]
     intx CICompilerCount                          = 4                                         {product} {ergonomic}
     uint ConcGCThreads                            = 2                                         {product} {ergonomic}
     uint G1ConcRefinementThreads                  = 8                                         {product} {ergonomic}
   size_t G1HeapRegionSize                         = 1048576                                   {product} {ergonomic}
    uintx GCDrainStackTargetSize                   = 64                                        {product} {ergonomic}
   size_t InitialHeapSize                          = 268435456                                 {product} {ergonomic}
   size_t MarkStackSize                            = 4194304                                   {product} {ergonomic}
   size_t MaxHeapSize                              = 4294967296                                {product} {ergonomic}
   size_t MaxNewSize                               = 2576351232                                {product} {ergonomic}
   size_t MinHeapDeltaBytes                        = 1048576                                   {product} {ergonomic}
    uintx NonNMethodCodeHeapSize                   = 5836492                                {pd product} {ergonomic}
    uintx NonProfiledCodeHeapSize                  = 122910874                              {pd product} {ergonomic}
    uintx ProfiledCodeHeapSize                     = 122910874                              {pd product} {ergonomic}
    uintx ReservedCodeCacheSize                    = 251658240                              {pd product} {ergonomic}
     bool SegmentedCodeCache                       = true                                      {product} {ergonomic}
     bool UseCompressedClassPointers               = true                                 {lp64_product} {ergonomic}
     bool UseCompressedOops                        = true                                 {lp64_product} {ergonomic}
     bool UseG1GC                                  = true                                      {product} {ergonomic}

Logging:
Log output configuration:
 #0: stdout all=warning uptime,level,tags
 #1: stderr all=off uptime,level,tags

Environment Variables:
PATH=/usr/bin:/bin:/usr/sbin:/sbin
SHELL=/bin/zsh

Signal Handlers:
SIGSEGV: [libjvm.dylib+0x6ad0c0], sa_mask[0]=11111111011111110111111111111111, sa_flags=SA_ONSTACK|SA_RESTART|SA_SIGINFO
SIGBUS: [libjvm.dylib+0x6ad0c0], sa_mask[0]=11111111011111110111111111111111, sa_flags=SA_RESTART|SA_SIGINFO
SIGFPE: [libjvm.dylib+0x6ad0c0], sa_mask[0]=11111111011111110111111111111111, sa_flags=SA_RESTART|SA_SIGINFO
SIGPIPE: [libjvm.dylib+0x5660e8], sa_mask[0]=11111111011111110111111111111111, sa_flags=SA_RESTART|SA_SIGINFO
SIGXFSZ: [libjvm.dylib+0x5660e8], sa_mask[0]=11111111011111110111111111111111, sa_flags=SA_RESTART|SA_SIGINFO
SIGILL: [libjvm.dylib+0x6ad0c0], sa_mask[0]=11111111011111110111111111111111, sa_flags=SA_RESTART|SA_SIGINFO
SIGUSR2: [libjvm.dylib+0x5666ec], sa_mask[0]=00000000000000000000000000000000, sa_flags=SA_RESTART|SA_SIGINFO
SIGHUP: [libjvm.dylib+0x564e90], sa_mask[0]=11111111011111110111111111111111, sa_flags=SA_RESTART|SA_SIGINFO
SIGINT: [libjvm.dylib+0x564e90], sa_mask[0]=11111111011111110111111111111111, sa_flags=SA_RESTART|SA_SIGINFO
SIGTERM: [libjvm.dylib+0x564e90], sa_mask[0]=11111111011111110111111111111111, sa_flags=SA_RESTART|SA_SIGINFO
SIGQUIT: [libjvm.dylib+0x564e90], sa_mask[0]=11111111011111110111111111111111, sa_flags=SA_RESTART|SA_SIGINFO


---------------  S Y S T E M  ---------------

OS:uname:Darwin 24.5.0 Darwin Kernel Version 24.5.0: Tue Apr 22 19:54:33 PDT 2025; root:xnu-11417.121.6~2/RELEASE_ARM64_T8122 arm64
OS uptime: 2 days 8:16 hours
rlimit (soft/hard): STACK 8176k/65520k , CORE 0k/infinity , NPROC 2666/4000 , NOFILE 10240/infinity , AS infinity/infinity , CPU infinity/infinity , DATA infinity/infinity , FSIZE infinity/infinity , MEMLOCK infinity/infinity , RSS infinity/infinity
load average:2.82 2.20 2.54

CPU:total 8 (initial active 8) 0x61:0x0:0xfa33415e:0, simd, crc, lse

Memory: 16k page, physical 16777216k(136496k free), swap 0k(0k free)

vm_info: OpenJDK 64-Bit Server VM (11.0.16.1+1-LTS) for bsd-aarch64 JRE (11.0.16.1+1-LTS), built on Aug 20 2022 20:17:57 by "runner" with clang Apple LLVM 12.0.5 (clang-1205.0.22.9)

END.
